Component: Arm Compiler for Embedded 6.19 Tool: armlink [5e73cb00]

==============================================================================

Section Cross References

    air001xx_hal.o(.text.HAL_Init) refers to air001xx_hal.o(.text.HAL_InitTick) for HAL_InitTick
    air001xx_hal.o(.text.HAL_Init) refers to air001xx_hal.o(.text.HAL_MspInit) for HAL_MspInit
    air001xx_hal.o(.ARM.exidx.text.HAL_Init) refers to air001xx_hal.o(.text.HAL_Init) for [Anonymous Symbol]
    air001xx_hal.o(.text.HAL_InitTick) refers to aeabi_sdiv.o(.text) for __aeabi_uidiv
    air001xx_hal.o(.text.HAL_InitTick) refers to air001xx_hal_cortex.o(.text.HAL_SYSTICK_Config) for HAL_SYSTICK_Config
    air001xx_hal.o(.text.HAL_InitTick) refers to air001xx_hal_cortex.o(.text.HAL_NVIC_SetPriority) for HAL_NVIC_SetPriority
    air001xx_hal.o(.text.HAL_InitTick) refers to air001xx_hal.o(.data.uwTickFreq) for uwTickFreq
    air001xx_hal.o(.text.HAL_InitTick) refers to system_air001xx.o(.data.SystemCoreClock) for SystemCoreClock
    air001xx_hal.o(.text.HAL_InitTick) refers to air001xx_hal.o(.data.uwTickPrio) for uwTickPrio
    air001xx_hal.o(.ARM.exidx.text.HAL_InitTick) refers to air001xx_hal.o(.text.HAL_InitTick) for [Anonymous Symbol]
    air001xx_hal.o(.ARM.exidx.text.HAL_MspInit) refers to air001xx_hal.o(.text.HAL_MspInit) for [Anonymous Symbol]
    air001xx_hal.o(.text.HAL_DeInit) refers to air001xx_hal.o(.text.HAL_MspDeInit) for HAL_MspDeInit
    air001xx_hal.o(.ARM.exidx.text.HAL_DeInit) refers to air001xx_hal.o(.text.HAL_DeInit) for [Anonymous Symbol]
    air001xx_hal.o(.ARM.exidx.text.HAL_MspDeInit) refers to air001xx_hal.o(.text.HAL_MspDeInit) for [Anonymous Symbol]
    air001xx_hal.o(.text.HAL_IncTick) refers to air001xx_hal.o(.data.uwTickFreq) for uwTickFreq
    air001xx_hal.o(.text.HAL_IncTick) refers to air001xx_hal.o(.bss.uwTick) for uwTick
    air001xx_hal.o(.ARM.exidx.text.HAL_IncTick) refers to air001xx_hal.o(.text.HAL_IncTick) for [Anonymous Symbol]
    air001xx_hal.o(.text.HAL_GetTick) refers to air001xx_hal.o(.bss.uwTick) for uwTick
    air001xx_hal.o(.ARM.exidx.text.HAL_GetTick) refers to air001xx_hal.o(.text.HAL_GetTick) for [Anonymous Symbol]
    air001xx_hal.o(.text.HAL_GetTickPrio) refers to air001xx_hal.o(.data.uwTickPrio) for uwTickPrio
    air001xx_hal.o(.ARM.exidx.text.HAL_GetTickPrio) refers to air001xx_hal.o(.text.HAL_GetTickPrio) for [Anonymous Symbol]
    air001xx_hal.o(.text.HAL_SetTickFreq) refers to air001xx_hal.o(.text.HAL_InitTick) for HAL_InitTick
    air001xx_hal.o(.text.HAL_SetTickFreq) refers to air001xx_hal.o(.data.uwTickFreq) for uwTickFreq
    air001xx_hal.o(.text.HAL_SetTickFreq) refers to air001xx_hal.o(.data.uwTickPrio) for uwTickPrio
    air001xx_hal.o(.ARM.exidx.text.HAL_SetTickFreq) refers to air001xx_hal.o(.text.HAL_SetTickFreq) for [Anonymous Symbol]
    air001xx_hal.o(.text.HAL_GetTickFreq) refers to air001xx_hal.o(.data.uwTickFreq) for uwTickFreq
    air001xx_hal.o(.ARM.exidx.text.HAL_GetTickFreq) refers to air001xx_hal.o(.text.HAL_GetTickFreq) for [Anonymous Symbol]
    air001xx_hal.o(.text.HAL_Delay) refers to air001xx_hal.o(.text.HAL_GetTick) for HAL_GetTick
    air001xx_hal.o(.text.HAL_Delay) refers to air001xx_hal.o(.data.uwTickFreq) for uwTickFreq
    air001xx_hal.o(.ARM.exidx.text.HAL_Delay) refers to air001xx_hal.o(.text.HAL_Delay) for [Anonymous Symbol]
    air001xx_hal.o(.ARM.exidx.text.HAL_SuspendTick) refers to air001xx_hal.o(.text.HAL_SuspendTick) for [Anonymous Symbol]
    air001xx_hal.o(.ARM.exidx.text.HAL_ResumeTick) refers to air001xx_hal.o(.text.HAL_ResumeTick) for [Anonymous Symbol]
    air001xx_hal.o(.ARM.exidx.text.HAL_GetHalVersion) refers to air001xx_hal.o(.text.HAL_GetHalVersion) for [Anonymous Symbol]
    air001xx_hal.o(.ARM.exidx.text.HAL_GetREVID) refers to air001xx_hal.o(.text.HAL_GetREVID) for [Anonymous Symbol]
    air001xx_hal.o(.ARM.exidx.text.HAL_GetDEVID) refers to air001xx_hal.o(.text.HAL_GetDEVID) for [Anonymous Symbol]
    air001xx_hal.o(.ARM.exidx.text.HAL_GetUIDw0) refers to air001xx_hal.o(.text.HAL_GetUIDw0) for [Anonymous Symbol]
    air001xx_hal.o(.ARM.exidx.text.HAL_GetUIDw1) refers to air001xx_hal.o(.text.HAL_GetUIDw1) for [Anonymous Symbol]
    air001xx_hal.o(.ARM.exidx.text.HAL_GetUIDw2) refers to air001xx_hal.o(.text.HAL_GetUIDw2) for [Anonymous Symbol]
    air001xx_hal.o(.ARM.exidx.text.HAL_DBGMCU_EnableDBGMCUStopMode) refers to air001xx_hal.o(.text.HAL_DBGMCU_EnableDBGMCUStopMode) for [Anonymous Symbol]
    air001xx_hal.o(.ARM.exidx.text.HAL_DBGMCU_DisableDBGMCUStopMode) refers to air001xx_hal.o(.text.HAL_DBGMCU_DisableDBGMCUStopMode) for [Anonymous Symbol]
    air001xx_hal.o(.ARM.exidx.text.HAL_SYSCFG_DMA_Req) refers to air001xx_hal.o(.text.HAL_SYSCFG_DMA_Req) for [Anonymous Symbol]
    air001xx_hal_cortex.o(.text.HAL_NVIC_SetPriority) refers to air001xx_hal_cortex.o(.text.__NVIC_SetPriority) for __NVIC_SetPriority
[...]
    __raise.o(.text) refers to defsig.o(CL$$defsig) for __default_signal_handler
    defsig_general.o(.text) refers to sys_wrch.o(.text) for _ttywrch
    sys_wrch.o(.text) refers (Special) to use_no_semi.o(.text) for __I$use$semihosting
    sys_wrch.o(.text) refers (Special) to indicate_semi.o(.text) for __semihosting_library_function
    sys_wrch_hlt.o(.text) refers (Special) to use_no_semi.o(.text) for __I$use$semihosting
    sys_wrch_hlt.o(.text) refers (Special) to indicate_semi.o(.text) for __semihosting_library_function
    defsig.o(CL$$defsig) refers to defsig_fpe_inner.o(.text) for __rt_SIGFPE_inner
    defsig.o(CL$$defsig) refers to defsig_rtmem_inner.o(.text) for __rt_SIGRTMEM_inner
    _get_argv_nomalloc.o(.text) refers (Special) to hrguard.o(.text) for __heap_region$guard
    _get_argv_nomalloc.o(.text) refers to defsig_rtmem_outer.o(.text) for __rt_SIGRTMEM
    _get_argv_nomalloc.o(.text) refers to sys_command.o(.text) for _sys_command_string
    libshutdown.o(.ARM.Collect$$libshutdown$$00000000) refers (Special) to libshutdown2.o(.ARM.Collect$$libshutdown$$00000002) for __rt_lib_shutdown_cpp_1
    libshutdown.o(.ARM.Collect$$libshutdown$$00000000) refers (Special) to libshutdown2.o(.ARM.Collect$$libshutdown$$00000007) for __rt_lib_shutdown_fp_trap_1
    libshutdown.o(.ARM.Collect$$libshutdown$$00000000) refers (Special) to libshutdown2.o(.ARM.Collect$$libshutdown$$0000000F) for __rt_lib_shutdown_heap_1
    libshutdown.o(.ARM.Collect$$libshutdown$$00000000) refers (Special) to libshutdown2.o(.ARM.Collect$$libshutdown$$00000010) for __rt_lib_shutdown_return
    libshutdown.o(.ARM.Collect$$libshutdown$$00000000) refers (Special) to libshutdown2.o(.ARM.Collect$$libshutdown$$0000000A) for __rt_lib_shutdown_signal_1
    libshutdown.o(.ARM.Collect$$libshutdown$$00000000) refers (Special) to libshutdown2.o(.ARM.Collect$$libshutdown$$00000004) for __rt_lib_shutdown_stdio_1
    libshutdown.o(.ARM.Collect$$libshutdown$$00000000) refers (Special) to libshutdown2.o(.ARM.Collect$$libshutdown$$0000000C) for __rt_lib_shutdown_user_alloc_1
    sys_command.o(.text) refers (Special) to use_no_semi.o(.text) for __I$use$semihosting
    sys_command.o(.text) refers (Special) to indicate_semi.o(.text) for __semihosting_library_function
    sys_command_hlt.o(.text) refers (Special) to use_no_semi.o(.text) for __I$use$semihosting
    sys_command_hlt.o(.text) refers (Special) to indicate_semi.o(.text) for __semihosting_library_function
    defsig_abrt_inner.o(.text) refers to defsig_general.o(.text) for __default_signal_display
    defsig_rtred_inner.o(.text) refers to defsig_general.o(.text) for __default_signal_display
    defsig_rtmem_inner.o(.text) refers to defsig_general.o(.text) for __default_signal_display
    defsig_rtmem_outer.o(.text) refers to defsig_rtmem_inner.o(.text) for __rt_SIGRTMEM_inner
    defsig_rtmem_outer.o(.text) refers to defsig_exit.o(.text) for __sig_exit
    defsig_rtmem_formal.o(.text) refers to rt_raise.o(.text) for __rt_raise
    defsig_stak_inner.o(.text) refers to defsig_general.o(.text) for __default_signal_display
    defsig_pvfn_inner.o(.text) refers to defsig_general.o(.text) for __default_signal_display
    defsig_cppl_inner.o(.text) refers to defsig_general.o(.text) for __default_signal_display
    defsig_segv_inner.o(.text) refers to defsig_general.o(.text) for __default_signal_display
    defsig_other.o(.text) refers to defsig_general.o(.text) for __default_signal_display


==============================================================================

Removing Unused input sections from the image.

    Removing air001xx_hal.o(.text), (0 bytes).
    Removing air001xx_hal.o(.ARM.exidx.text.HAL_Init), (8 bytes).
    Removing air001xx_hal.o(.ARM.exidx.text.HAL_InitTick), (8 bytes).
    Removing air001xx_hal.o(.ARM.exidx.text.HAL_MspInit), (8 bytes).
    Removing air001xx_hal.o(.text.HAL_DeInit), (60 bytes).
    Removing air001xx_hal.o(.ARM.exidx.text.HAL_DeInit), (8 bytes).
    Removing air001xx_hal.o(.text.HAL_MspDeInit), (2 bytes).
    Removing air001xx_hal.o(.ARM.exidx.text.HAL_MspDeInit), (8 bytes).
    Removing air001xx_hal.o(.ARM.exidx.text.HAL_IncTick), (8 bytes).
    Removing air001xx_hal.o(.ARM.exidx.text.HAL_GetTick), (8 bytes).
    Removing air001xx_hal.o(.text.HAL_GetTickPrio), (12 bytes).
    Removing air001xx_hal.o(.ARM.exidx.text.HAL_GetTickPrio), (8 bytes).
    Removing air001xx_hal.o(.text.HAL_SetTickFreq), (72 bytes).
    Removing air001xx_hal.o(.ARM.exidx.text.HAL_SetTickFreq), (8 bytes).
    Removing air001xx_hal.o(.text.HAL_GetTickFreq), (12 bytes).
    Removing air001xx_hal.o(.ARM.exidx.text.HAL_GetTickFreq), (8 bytes).
    Removing air001xx_hal.o(.ARM.exidx.text.HAL_Delay), (8 bytes).
    Removing air001xx_hal.o(.text.HAL_SuspendTick), (16 bytes).
    Removing air001xx_hal.o(.ARM.exidx.text.HAL_SuspendTick), (8 bytes).
    Removing air001xx_hal.o(.text.HAL_ResumeTick), (16 bytes).
    Removing air001xx_hal.o(.ARM.exidx.text.HAL_ResumeTick), (8 bytes).
    Removing air001xx_hal.o(.text.HAL_GetHalVersion), (8 bytes).
    Removing air001xx_hal.o(.ARM.exidx.text.HAL_GetHalVersion), (8 bytes).
    Removing air001xx_hal.o(.text.HAL_GetREVID), (12 bytes).
    Removing air001xx_hal.o(.ARM.exidx.text.HAL_GetREVID), (8 bytes).
    Removing air001xx_hal.o(.text.HAL_GetDEVID), (20 bytes).
    Removing air001xx_hal.o(.ARM.exidx.text.HAL_GetDEVID), (8 bytes).
    Removing air001xx_hal.o(.text.HAL_GetUIDw0), (12 bytes).
    Removing air001xx_hal.o(.ARM.exidx.text.HAL_GetUIDw0), (8 bytes).
    Removing air001xx_hal.o(.text.HAL_GetUIDw1), (12 bytes).
    Removing air001xx_hal.o(.ARM.exidx.text.HAL_GetUIDw1), (8 bytes).
    Removing air001xx_hal.o(.text.HAL_GetUIDw2), (12 bytes).
    Removing air001xx_hal.o(.ARM.exidx.text.HAL_GetUIDw2), (8 bytes).
    Removing air001xx_hal.o(.text.HAL_DBGMCU_EnableDBGMCUStopMode), (16 bytes).
    Removing air001xx_hal.o(.ARM.exidx.text.HAL_DBGMCU_EnableDBGMCUStopMode), (8 bytes).
    Removing air001xx_hal.o(.text.HAL_DBGMCU_DisableDBGMCUStopMode), (16 bytes).
    Removing air001xx_hal.o(.ARM.exidx.text.HAL_DBGMCU_DisableDBGMCUStopMode), (8 bytes).
    Removing air001xx_hal.o(.text.HAL_SYSCFG_DMA_Req), (24 bytes).
    Removing air001xx_hal.o(.ARM.exidx.text.HAL_SYSCFG_DMA_Req), (8 bytes).
    Removing air001xx_hal_cortex.o(.text), (0 bytes).
    Removing air001xx_hal_cortex.o(.ARM.exidx.text.HAL_NVIC_SetPriority), (8 bytes).
    Removing air001xx_hal_cortex.o(.ARM.exidx.text.__NVIC_SetPriority), (8 bytes).
    Removing air001xx_hal_cortex.o(.text.HAL_NVIC_EnableIRQ), (22 bytes).
    Removing air001xx_hal_cortex.o(.ARM.exidx.text.HAL_NVIC_EnableIRQ), (8 bytes).
    Removing air001xx_hal_cortex.o(.text.__NVIC_EnableIRQ), (44 bytes).
    Removing air001xx_hal_cortex.o(.ARM.exidx.text.__NVIC_EnableIRQ), (8 bytes).
    Removing air001xx_hal_cortex.o(.text.HAL_NVIC_DisableIRQ), (22 bytes).
    Removing air001xx_hal_cortex.o(.ARM.exidx.text.HAL_NVIC_DisableIRQ), (8 bytes).
    Removing air001xx_hal_cortex.o(.text.__NVIC_DisableIRQ), (52 bytes).
    Removing air001xx_hal_cortex.o(.ARM.exidx.text.__NVIC_DisableIRQ), (8 bytes).
    Removing air001xx_hal_cortex.o(.text.HAL_NVIC_SystemReset), (4 bytes).
    Removing air001xx_hal_cortex.o(.ARM.exidx.text.HAL_NVIC_SystemReset), (8 bytes).
    Removing air001xx_hal_cortex.o(.text.__NVIC_SystemReset), (28 bytes).
    Removing air001xx_hal_cortex.o(.ARM.exidx.text.__NVIC_SystemReset), (8 bytes).
    Removing air001xx_hal_cortex.o(.text.SysTick_Config2), (76 bytes).
    Removing air001xx_hal_cortex.o(.ARM.exidx.text.SysTick_Config2), (8 bytes).
    Removing air001xx_hal_cortex.o(.ARM.exidx.text.HAL_SYSTICK_Config), (8 bytes).
    Removing air001xx_hal_cortex.o(.ARM.exidx.text.SysTick_Config), (8 bytes).
    Removing air001xx_hal_cortex.o(.text.HAL_NVIC_GetPriority), (22 bytes).
    Removing air001xx_hal_cortex.o(.ARM.exidx.text.HAL_NVIC_GetPriority), (8 bytes).
    Removing air001xx_hal_cortex.o(.text.__NVIC_GetPriority), (96 bytes).
    Removing air001xx_hal_cortex.o(.ARM.exidx.text.__NVIC_GetPriority), (8 bytes).
    Removing air001xx_hal_cortex.o(.text.HAL_NVIC_SetPendingIRQ), (22 bytes).
    Removing air001xx_hal_cortex.o(.ARM.exidx.text.HAL_NVIC_SetPendingIRQ), (8 bytes).
    Removing air001xx_hal_cortex.o(.text.__NVIC_SetPendingIRQ), (44 bytes).
    Removing air001xx_hal_cortex.o(.ARM.exidx.text.__NVIC_SetPendingIRQ), (8 bytes).
    Removing air001xx_hal_cortex.o(.text.HAL_NVIC_GetPendingIRQ), (22 bytes).
    Removing air001xx_hal_cortex.o(.ARM.exidx.text.HAL_NVIC_GetPendingIRQ), (8 bytes).
    Removing air001xx_hal_cortex.o(.text.__NVIC_GetPendingIRQ), (56 bytes).
    Removing air001xx_hal_cortex.o(.ARM.exidx.text.__NVIC_GetPendingIRQ), (8 bytes).
    Removing air001xx_hal_cortex.o(.text.HAL_NVIC_ClearPendingIRQ), (22 bytes).
    Removing air001xx_hal_cortex.o(.ARM.exidx.text.HAL_NVIC_ClearPendingIRQ), (8 bytes).
    Removing air001xx_hal_cortex.o(.text.__NVIC_ClearPendingIRQ), (44 bytes).
    Removing air001xx_hal_cortex.o(.ARM.exidx.text.__NVIC_ClearPendingIRQ), (8 bytes).
    Removing air001xx_hal_cortex.o(.text.HAL_SYSTICK_CLKSourceConfig), (44 bytes).
    Removing air001xx_hal_cortex.o(.ARM.exidx.text.HAL_SYSTICK_CLKSourceConfig), (8 bytes).
    Removing air001xx_hal_cortex.o(.text.HAL_SYSTICK_IRQHandler), (8 bytes).
    Removing air001xx_hal_cortex.o(.ARM.exidx.text.HAL_SYSTICK_IRQHandler), (8 bytes).
    Removing air001xx_hal_cortex.o(.text.HAL_SYSTICK_Callback), (2 bytes).
    Removing air001xx_hal_cortex.o(.ARM.exidx.text.HAL_SYSTICK_Callback), (8 bytes).
    Removing air001xx_hal_flash.o(.text), (0 bytes).
    Removing air001xx_hal_flash.o(.text.HAL_FLASH_Unlock), (76 bytes).
    Removing air001xx_hal_flash.o(.ARM.exidx.text.HAL_FLASH_Unlock), (8 bytes).
    Removing air001xx_hal_flash.o(.text.HAL_FLASH_Lock), (48 bytes).
    Removing air001xx_hal_flash.o(.ARM.exidx.text.HAL_FLASH_Lock), (8 bytes).
    Removing air001xx_hal_flash.o(.text.HAL_FLASH_OB_Unlock), (76 bytes).
    Removing air001xx_hal_flash.o(.ARM.exidx.text.HAL_FLASH_OB_Unlock), (8 bytes).
    Removing air001xx_hal_flash.o(.text.HAL_FLASH_OB_Lock), (48 bytes).
    Removing air001xx_hal_flash.o(.ARM.exidx.text.HAL_FLASH_OB_Lock), (8 bytes).
    Removing air001xx_hal_flash.o(.text.HAL_FLASH_OB_Launch), (20 bytes).
    Removing air001xx_hal_flash.o(.ARM.exidx.text.HAL_FLASH_OB_Launch), (8 bytes).
    Removing air001xx_hal_flash.o(.text.HAL_FLASH_GetError), (12 bytes).
    Removing air001xx_hal_flash.o(.ARM.exidx.text.HAL_FLASH_GetError), (8 bytes).
    Removing air001xx_hal_flash.o(.text.FLASH_WaitForLastOperation), (88 bytes).
    Removing air001xx_hal_flash.o(.ARM.exidx.text.FLASH_WaitForLastOperation), (8 bytes).
    Removing air001xx_hal_flash.o(.text.HAL_FLASH_Erase), (792 bytes).
    Removing air001xx_hal_flash.o(.ARM.exidx.text.HAL_FLASH_Erase), (8 bytes).
    Removing air001xx_hal_flash.o(.text.FLASH_MassErase), (40 bytes).
    Removing air001xx_hal_flash.o(.ARM.exidx.text.FLASH_MassErase), (8 bytes).
    Removing air001xx_hal_flash.o(.text.FLASH_PageErase), (40 bytes).
    Removing air001xx_hal_flash.o(.ARM.exidx.text.FLASH_PageErase), (8 bytes).
    Removing air001xx_hal_flash.o(.text.FLASH_SectorErase), (32 bytes).
    Removing air001xx_hal_flash.o(.ARM.exidx.text.FLASH_SectorErase), (8 bytes).
    Removing air001xx_hal_flash.o(.text.HAL_FLASH_Erase_IT), (624 bytes).
    Removing air001xx_hal_flash.o(.ARM.exidx.text.HAL_FLASH_Erase_IT), (8 bytes).
    Removing air001xx_hal_flash.o(.text.HAL_FLASH_PageProgram), (22 bytes).
    Removing air001xx_hal_flash.o(.ARM.exidx.text.HAL_FLASH_PageProgram), (8 bytes).
    Removing air001xx_hal_flash.o(.text.HAL_FLASH_Program), (584 bytes).
    Removing air001xx_hal_flash.o(.ARM.exidx.text.HAL_FLASH_Program), (8 bytes).
    Removing air001xx_hal_flash.o(.RamFunc), (124 bytes).
    Removing air001xx_hal_flash.o(.ARM.exidx.RamFunc), (8 bytes).
    Removing air001xx_hal_flash.o(.text.HAL_FLASH_PageProgram_IT), (22 bytes).
    Removing air001xx_hal_flash.o(.ARM.exidx.text.HAL_FLASH_PageProgram_IT), (8 bytes).
    Removing air001xx_hal_flash.o(.text.HAL_FLASH_Program_IT), (548 bytes).
    Removing air001xx_hal_flash.o(.ARM.exidx.text.HAL_FLASH_Program_IT), (8 bytes).
    Removing air001xx_hal_flash.o(.text.HAL_FLASH_OB_RDP_LevelConfig), (168 bytes).
    Removing air001xx_hal_flash.o(.ARM.exidx.text.HAL_FLASH_OB_RDP_LevelConfig), (8 bytes).
    Removing air001xx_hal_flash.o(.text.HAL_FLASH_OBProgram), (692 bytes).
    Removing air001xx_hal_flash.o(.ARM.exidx.text.HAL_FLASH_OBProgram), (8 bytes).
    Removing air001xx_hal_flash.o(.text.FLASH_OB_OptrConfig), (48 bytes).
    Removing air001xx_hal_flash.o(.ARM.exidx.text.FLASH_OB_OptrConfig), (8 bytes).
    Removing air001xx_hal_flash.o(.text.FLASH_OB_GetUser), (24 bytes).
    Removing air001xx_hal_flash.o(.ARM.exidx.text.FLASH_OB_GetUser), (8 bytes).
    Removing air001xx_hal_flash.o(.text.FLASH_OB_GetRDP), (40 bytes).
    Removing air001xx_hal_flash.o(.ARM.exidx.text.FLASH_OB_GetRDP), (8 bytes).
    Removing air001xx_hal_flash.o(.text.HAL_FLASH_OBGetConfig), (112 bytes).
    Removing air001xx_hal_flash.o(.ARM.exidx.text.HAL_FLASH_OBGetConfig), (8 bytes).
    Removing air001xx_hal_flash.o(.text.HAL_FLASH_IRQHandler), (320 bytes).
    Removing air001xx_hal_flash.o(.ARM.exidx.text.HAL_FLASH_IRQHandler), (8 bytes).
    Removing air001xx_hal_flash.o(.text.HAL_FLASH_OperationErrorCallback), (8 bytes).
    Removing air001xx_hal_flash.o(.ARM.exidx.text.HAL_FLASH_OperationErrorCallback), (8 bytes).
    Removing air001xx_hal_flash.o(.text.HAL_FLASH_EndOfOperationCallback), (8 bytes).
    Removing air001xx_hal_flash.o(.ARM.exidx.text.HAL_FLASH_EndOfOperationCallback), (8 bytes).
    Removing air001xx_hal_flash.o(.bss.pFlash), (24 bytes).
    Removing air001xx_hal_flash.o(.rodata._FlashTimmingParam), (32 bytes).
    Removing air001xx_hal_gpio.o(.text), (0 bytes).
    Removing air001xx_hal_gpio.o(.ARM.exidx.text.HAL_GPIO_Init), (8 bytes).
    Removing air001xx_hal_gpio.o(.text.HAL_GPIO_DeInit), (332 bytes).
    Removing air001xx_hal_gpio.o(.ARM.exidx.text.HAL_GPIO_DeInit), (8 bytes).
    Removing air001xx_hal_gpio.o(.text.HAL_GPIO_ReadPin), (50 bytes).
    Removing air001xx_hal_gpio.o(.ARM.exidx.text.HAL_GPIO_ReadPin), (8 bytes).
    Removing air001xx_hal_gpio.o(.text.HAL_GPIO_WritePin), (44 bytes).
    Removing air001xx_hal_gpio.o(.ARM.exidx.text.HAL_GPIO_WritePin), (8 bytes).
    Removing air001xx_hal_gpio.o(.text.HAL_GPIO_TogglePin), (50 bytes).
    Removing air001xx_hal_gpio.o(.ARM.exidx.text.HAL_GPIO_TogglePin), (8 bytes).
    Removing air001xx_hal_gpio.o(.text.HAL_GPIO_LockPin), (84 bytes).
    Removing air001xx_hal_gpio.o(.ARM.exidx.text.HAL_GPIO_LockPin), (8 bytes).
    Removing air001xx_hal_gpio.o(.text.HAL_GPIO_EXTI_Callback), (10 bytes).
    Removing air001xx_hal_gpio.o(.ARM.exidx.text.HAL_GPIO_EXTI_Callback), (8 bytes).
    Removing air001xx_hal_gpio.o(.text.HAL_GPIO_EXTI_IRQHandler), (44 bytes).
    Removing air001xx_hal_gpio.o(.ARM.exidx.text.HAL_GPIO_EXTI_IRQHandler), (8 bytes).
    Removing air001xx_hal_rcc.o(.text), (0 bytes).
    Removing air001xx_hal_rcc.o(.text.HAL_RCC_DeInit), (280 bytes).
    Removing air001xx_hal_rcc.o(.ARM.exidx.text.HAL_RCC_DeInit), (8 bytes).
    Removing air001xx_hal_rcc.o(.ARM.exidx.text.HAL_RCC_OscConfig), (8 bytes).
    Removing air001xx_hal_rcc.o(.ARM.exidx.text.HAL_RCC_GetSysClockFreq), (8 bytes).
    Removing air001xx_hal_rcc.o(.ARM.exidx.text.RCC_GetHSIFreq), (8 bytes).
    Removing air001xx_hal_rcc.o(.ARM.exidx.text.HAL_RCC_ClockConfig), (8 bytes).
    Removing air001xx_hal_rcc.o(.text.HAL_RCC_MCOConfig), (408 bytes).
    Removing air001xx_hal_rcc.o(.ARM.exidx.text.HAL_RCC_MCOConfig), (8 bytes).
    Removing air001xx_hal_rcc.o(.ARM.exidx.text.HAL_RCC_GetHCLKFreq), (8 bytes).
    Removing air001xx_hal_rcc.o(.ARM.exidx.text.HAL_RCC_GetPCLK1Freq), (8 bytes).
    Removing air001xx_hal_rcc.o(.text.HAL_RCC_GetOscConfig), (292 bytes).
    Removing air001xx_hal_rcc.o(.ARM.exidx.text.HAL_RCC_GetOscConfig), (8 bytes).
    Removing air001xx_hal_rcc.o(.text.HAL_RCC_GetClockConfig), (68 bytes).
    Removing air001xx_hal_rcc.o(.ARM.exidx.text.HAL_RCC_GetClockConfig), (8 bytes).
    Removing air001xx_hal_rcc.o(.text.HAL_RCC_EnableCSS), (20 bytes).
    Removing air001xx_hal_rcc.o(.ARM.exidx.text.HAL_RCC_EnableCSS), (8 bytes).
    Removing air001xx_hal_rcc.o(.text.HAL_RCC_EnableLSECSS), (16 bytes).
    Removing air001xx_hal_rcc.o(.ARM.exidx.text.HAL_RCC_EnableLSECSS), (8 bytes).
    Removing air001xx_hal_rcc.o(.text.HAL_RCC_DisableLSECSS), (16 bytes).
    Removing air001xx_hal_rcc.o(.ARM.exidx.text.HAL_RCC_DisableLSECSS), (8 bytes).
    Removing air001xx_hal_rcc.o(.text.HAL_RCC_NMI_IRQHandler), (72 bytes).
    Removing air001xx_hal_rcc.o(.ARM.exidx.text.HAL_RCC_NMI_IRQHandler), (8 bytes).
    Removing air001xx_hal_rcc.o(.text.HAL_RCC_CSSCallback), (2 bytes).
    Removing air001xx_hal_rcc.o(.ARM.exidx.text.HAL_RCC_CSSCallback), (8 bytes).
    Removing air001xx_hal_rcc.o(.text.HAL_RCC_LSECSSCallback), (2 bytes).
    Removing air001xx_hal_rcc.o(.ARM.exidx.text.HAL_RCC_LSECSSCallback), (8 bytes).
    Removing air001xx_hal_pwr.o(.text), (0 bytes).
    Removing air001xx_hal_pwr.o(.text.HAL_PWR_DeInit), (24 bytes).
    Removing air001xx_hal_pwr.o(.ARM.exidx.text.HAL_PWR_DeInit), (8 bytes).
    Removing air001xx_hal_pwr.o(.text.HAL_PWR_EnableBkUpAccess), (20 bytes).
    Removing air001xx_hal_pwr.o(.ARM.exidx.text.HAL_PWR_EnableBkUpAccess), (8 bytes).
    Removing air001xx_hal_pwr.o(.text.HAL_PWR_DisableBkUpAccess), (20 bytes).
    Removing air001xx_hal_pwr.o(.ARM.exidx.text.HAL_PWR_DisableBkUpAccess), (8 bytes).
    Removing air001xx_hal_pwr.o(.text.HAL_PWR_ConfigPVD), (204 bytes).
    Removing air001xx_hal_pwr.o(.ARM.exidx.text.HAL_PWR_ConfigPVD), (8 bytes).
    Removing air001xx_hal_pwr.o(.text.HAL_PWR_EnablePVD), (16 bytes).
    Removing air001xx_hal_pwr.o(.ARM.exidx.text.HAL_PWR_EnablePVD), (8 bytes).
    Removing air001xx_hal_pwr.o(.text.HAL_PWR_DisablePVD), (16 bytes).
    Removing air001xx_hal_pwr.o(.ARM.exidx.text.HAL_PWR_DisablePVD), (8 bytes).
    Removing air001xx_hal_pwr.o(.text.HAL_PWR_ConfigStopMode), (48 bytes).
    Removing air001xx_hal_pwr.o(.ARM.exidx.text.HAL_PWR_ConfigStopMode), (8 bytes).
    Removing air001xx_hal_pwr.o(.text.HAL_PWR_ConfigBIAS), (68 bytes).
    Removing air001xx_hal_pwr.o(.ARM.exidx.text.HAL_PWR_ConfigBIAS), (8 bytes).
    Removing air001xx_hal_pwr.o(.text.HAL_PWR_EnterSLEEPMode), (48 bytes).
    Removing air001xx_hal_pwr.o(.ARM.exidx.text.HAL_PWR_EnterSLEEPMode), (8 bytes).
    Removing air001xx_hal_pwr.o(.text.HAL_PWR_EnterSTOPMode), (100 bytes).
    Removing air001xx_hal_pwr.o(.ARM.exidx.text.HAL_PWR_EnterSTOPMode), (8 bytes).
    Removing air001xx_hal_pwr.o(.text.HAL_PWR_EnableSleepOnExit), (16 bytes).
    Removing air001xx_hal_pwr.o(.ARM.exidx.text.HAL_PWR_EnableSleepOnExit), (8 bytes).
    Removing air001xx_hal_pwr.o(.text.HAL_PWR_DisableSleepOnExit), (16 bytes).
    Removing air001xx_hal_pwr.o(.ARM.exidx.text.HAL_PWR_DisableSleepOnExit), (8 bytes).
    Removing air001xx_hal_pwr.o(.text.HAL_PWR_EnableSEVOnPend), (16 bytes).
    Removing air001xx_hal_pwr.o(.ARM.exidx.text.HAL_PWR_EnableSEVOnPend), (8 bytes).
    Removing air001xx_hal_pwr.o(.text.HAL_PWR_DisableSEVOnPend), (16 bytes).
    Removing air001xx_hal_pwr.o(.ARM.exidx.text.HAL_PWR_DisableSEVOnPend), (8 bytes).
    Removing air001xx_hal_pwr.o(.text.HAL_PWR_PVD_IRQHandler), (36 bytes).
    Removing air001xx_hal_pwr.o(.ARM.exidx.text.HAL_PWR_PVD_IRQHandler), (8 bytes).
    Removing air001xx_hal_pwr.o(.text.HAL_PWR_PVD_Callback), (2 bytes).
    Removing air001xx_hal_pwr.o(.ARM.exidx.text.HAL_PWR_PVD_Callback), (8 bytes).
    Removing air001xx_hal_dma.o(.text), (0 bytes).
    Removing air001xx_hal_dma.o(.text.HAL_DMA_Init), (164 bytes).
    Removing air001xx_hal_dma.o(.ARM.exidx.text.HAL_DMA_Init), (8 bytes).
    Removing air001xx_hal_dma.o(.text.HAL_DMA_DeInit), (172 bytes).
    Removing air001xx_hal_dma.o(.ARM.exidx.text.HAL_DMA_DeInit), (8 bytes).
    Removing air001xx_hal_dma.o(.text.HAL_DMA_Start), (154 bytes).
    Removing air001xx_hal_dma.o(.ARM.exidx.text.HAL_DMA_Start), (8 bytes).
    Removing air001xx_hal_dma.o(.text.DMA_SetConfig), (80 bytes).
    Removing air001xx_hal_dma.o(.ARM.exidx.text.DMA_SetConfig), (8 bytes).
    Removing air001xx_hal_dma.o(.text.HAL_DMA_Start_IT), (202 bytes).
    Removing air001xx_hal_dma.o(.ARM.exidx.text.HAL_DMA_Start_IT), (8 bytes).
    Removing air001xx_hal_dma.o(.text.HAL_DMA_Abort), (120 bytes).
    Removing air001xx_hal_dma.o(.ARM.exidx.text.HAL_DMA_Abort), (8 bytes).
    Removing air001xx_hal_dma.o(.text.HAL_DMA_Abort_IT), (176 bytes).
    Removing air001xx_hal_dma.o(.ARM.exidx.text.HAL_DMA_Abort_IT), (8 bytes).
    Removing air001xx_hal_dma.o(.text.HAL_DMA_PollForTransfer), (576 bytes).
    Removing air001xx_hal_dma.o(.ARM.exidx.text.HAL_DMA_PollForTransfer), (8 bytes).
    Removing air001xx_hal_dma.o(.text.HAL_DMA_IRQHandler), (420 bytes).
    Removing air001xx_hal_dma.o(.ARM.exidx.text.HAL_DMA_IRQHandler), (8 bytes).
    Removing air001xx_hal_dma.o(.text.HAL_DMA_RegisterCallback), (178 bytes).
    Removing air001xx_hal_dma.o(.ARM.exidx.text.HAL_DMA_RegisterCallback), (8 bytes).
    Removing air001xx_hal_dma.o(.text.HAL_DMA_UnRegisterCallback), (198 bytes).
    Removing air001xx_hal_dma.o(.ARM.exidx.text.HAL_DMA_UnRegisterCallback), (8 bytes).
    Removing air001xx_hal_dma.o(.text.HAL_DMA_ChannelMap), (88 bytes).
    Removing air001xx_hal_dma.o(.ARM.exidx.text.HAL_DMA_ChannelMap), (8 bytes).
    Removing air001xx_hal_dma.o(.text.HAL_DMA_GetState), (14 bytes).
    Removing air001xx_hal_dma.o(.ARM.exidx.text.HAL_DMA_GetState), (8 bytes).
    Removing air001xx_hal_dma.o(.text.HAL_DMA_GetError), (12 bytes).
    Removing air001xx_hal_dma.o(.ARM.exidx.text.HAL_DMA_GetError), (8 bytes).
    Removing air001xx_hal_uart.o(.text), (0 bytes).
    Removing air001xx_hal_uart.o(.ARM.exidx.text.HAL_UART_Init), (8 bytes).
    Removing air001xx_hal_uart.o(.text.HAL_UART_MspInit), (8 bytes).
    Removing air001xx_hal_uart.o(.ARM.exidx.text.HAL_UART_MspInit), (8 bytes).
    Removing air001xx_hal_uart.o(.ARM.exidx.text.UART_SetConfig), (8 bytes).
    Removing air001xx_hal_uart.o(.ARM.exidx.text.UART_AdvFeatureConfig), (8 bytes).
    Removing air001xx_hal_uart.o(.text.HAL_HalfDuplex_Init), (152 bytes).
    Removing air001xx_hal_uart.o(.ARM.exidx.text.HAL_HalfDuplex_Init), (8 bytes).
    Removing air001xx_hal_uart.o(.text.HAL_MultiProcessor_Init), (212 bytes).
    Removing air001xx_hal_uart.o(.ARM.exidx.text.HAL_MultiProcessor_Init), (8 bytes).
    Removing air001xx_hal_uart.o(.text.HAL_UART_DeInit), (98 bytes).
    Removing air001xx_hal_uart.o(.ARM.exidx.text.HAL_UART_DeInit), (8 bytes).
    Removing air001xx_hal_uart.o(.text.HAL_UART_MspDeInit), (8 bytes).
    Removing air001xx_hal_uart.o(.ARM.exidx.text.HAL_UART_MspDeInit), (8 bytes).
    Removing air001xx_hal_uart.o(.text.HAL_UART_Transmit), (392 bytes).
    Removing air001xx_hal_uart.o(.ARM.exidx.text.HAL_UART_Transmit), (8 bytes).
    Removing air001xx_hal_uart.o(.text.UART_WaitOnFlagUntilTimeout), (158 bytes).
    Removing air001xx_hal_uart.o(.ARM.exidx.text.UART_WaitOnFlagUntilTimeout), (8 bytes).
    Removing air001xx_hal_uart.o(.text.HAL_UART_Receive), (360 bytes).
    Removing air001xx_hal_uart.o(.ARM.exidx.text.HAL_UART_Receive), (8 bytes).
    Removing air001xx_hal_uart.o(.text.HAL_UART_Transmit_IT), (162 bytes).
    Removing air001xx_hal_uart.o(.ARM.exidx.text.HAL_UART_Transmit_IT), (8 bytes).
    Removing air001xx_hal_uart.o(.text.HAL_UART_Receive_IT), (186 bytes).
    Removing air001xx_hal_uart.o(.ARM.exidx.text.HAL_UART_Receive_IT), (8 bytes).
    Removing air001xx_hal_uart.o(.text.HAL_UART_Transmit_DMA), (240 bytes).
    Removing air001xx_hal_uart.o(.ARM.exidx.text.HAL_UART_Transmit_DMA), (8 bytes).
    Removing air001xx_hal_uart.o(.text.UART_DMATransmitCplt), (70 bytes).
    Removing air001xx_hal_uart.o(.ARM.exidx.text.UART_DMATransmitCplt), (8 bytes).
    Removing air001xx_hal_uart.o(.text.UART_DMATxHalfCplt), (22 bytes).
    Removing air001xx_hal_uart.o(.ARM.exidx.text.UART_DMATxHalfCplt), (8 bytes).
    Removing air001xx_hal_uart.o(.text.UART_DMAError), (130 bytes).
    Removing air001xx_hal_uart.o(.ARM.exidx.text.UART_DMAError), (8 bytes).
    Removing air001xx_hal_uart.o(.text.HAL_UART_Receive_DMA), (316 bytes).
    Removing air001xx_hal_uart.o(.ARM.exidx.text.HAL_UART_Receive_DMA), (8 bytes).
    Removing air001xx_hal_uart.o(.text.UART_DMAReceiveCplt), (88 bytes).
    Removing air001xx_hal_uart.o(.ARM.exidx.text.UART_DMAReceiveCplt), (8 bytes).
    Removing air001xx_hal_uart.o(.text.UART_DMARxHalfCplt), (22 bytes).
    Removing air001xx_hal_uart.o(.ARM.exidx.text.UART_DMARxHalfCplt), (8 bytes).
    Removing air001xx_hal_uart.o(.text.HAL_UART_DMAPause), (188 bytes).
    Removing air001xx_hal_uart.o(.ARM.exidx.text.HAL_UART_DMAPause), (8 bytes).
    Removing air001xx_hal_uart.o(.text.HAL_UART_DMAResume), (168 bytes).
    Removing air001xx_hal_uart.o(.ARM.exidx.text.HAL_UART_DMAResume), (8 bytes).
    Removing air001xx_hal_uart.o(.text.HAL_UART_DMAStop), (162 bytes).
    Removing air001xx_hal_uart.o(.ARM.exidx.text.HAL_UART_DMAStop), (8 bytes).
    Removing air001xx_hal_uart.o(.text.UART_EndTxTransfer), (28 bytes).
    Removing air001xx_hal_uart.o(.ARM.exidx.text.UART_EndTxTransfer), (8 bytes).
    Removing air001xx_hal_uart.o(.text.UART_EndRxTransfer), (42 bytes).
    Removing air001xx_hal_uart.o(.ARM.exidx.text.UART_EndRxTransfer), (8 bytes).
    Removing air001xx_hal_uart.o(.text.HAL_UART_Abort), (258 bytes).
    Removing air001xx_hal_uart.o(.ARM.exidx.text.HAL_UART_Abort), (8 bytes).
    Removing air001xx_hal_uart.o(.text.HAL_UART_AbortTransmit), (138 bytes).
    Removing air001xx_hal_uart.o(.ARM.exidx.text.HAL_UART_AbortTransmit), (8 bytes).
    Removing air001xx_hal_uart.o(.text.HAL_UART_AbortReceive), (152 bytes).
    Removing air001xx_hal_uart.o(.ARM.exidx.text.HAL_UART_AbortReceive), (8 bytes).
    Removing air001xx_hal_uart.o(.text.HAL_UART_Abort_IT), (328 bytes).
    Removing air001xx_hal_uart.o(.ARM.exidx.text.HAL_UART_Abort_IT), (8 bytes).
    Removing air001xx_hal_uart.o(.text.UART_DMATxAbortCallback), (86 bytes).
    Removing air001xx_hal_uart.o(.ARM.exidx.text.UART_DMATxAbortCallback), (8 bytes).
    Removing air001xx_hal_uart.o(.text.UART_DMARxAbortCallback), (86 bytes).
    Removing air001xx_hal_uart.o(.ARM.exidx.text.UART_DMARxAbortCallback), (8 bytes).
    Removing air001xx_hal_uart.o(.text.HAL_UART_AbortCpltCallback), (8 bytes).
    Removing air001xx_hal_uart.o(.ARM.exidx.text.HAL_UART_AbortCpltCallback), (8 bytes).
    Removing air001xx_hal_uart.o(.text.HAL_UART_AbortTransmit_IT), (144 bytes).
    Removing air001xx_hal_uart.o(.ARM.exidx.text.HAL_UART_AbortTransmit_IT), (8 bytes).
    Removing air001xx_hal_uart.o(.text.UART_DMATxOnlyAbortCallback), (36 bytes).
    Removing air001xx_hal_uart.o(.ARM.exidx.text.UART_DMATxOnlyAbortCallback), (8 bytes).
    Removing air001xx_hal_uart.o(.text.HAL_UART_AbortTransmitCpltCallback), (8 bytes).
    Removing air001xx_hal_uart.o(.ARM.exidx.text.HAL_UART_AbortTransmitCpltCallback), (8 bytes).
    Removing air001xx_hal_uart.o(.text.HAL_UART_AbortReceive_IT), (160 bytes).
    Removing air001xx_hal_uart.o(.ARM.exidx.text.HAL_UART_AbortReceive_IT), (8 bytes).
    Removing air001xx_hal_uart.o(.text.UART_DMARxOnlyAbortCallback), (36 bytes).
    Removing air001xx_hal_uart.o(.ARM.exidx.text.UART_DMARxOnlyAbortCallback), (8 bytes).
    Removing air001xx_hal_uart.o(.text.HAL_UART_AbortReceiveCpltCallback), (8 bytes).
    Removing air001xx_hal_uart.o(.ARM.exidx.text.HAL_UART_AbortReceiveCpltCallback), (8 bytes).
    Removing air001xx_hal_uart.o(.text.HAL_UART_IRQHandler), (528 bytes).
    Removing air001xx_hal_uart.o(.ARM.exidx.text.HAL_UART_IRQHandler), (8 bytes).
    Removing air001xx_hal_uart.o(.text.UART_Receive_IT), (192 bytes).
    Removing air001xx_hal_uart.o(.ARM.exidx.text.UART_Receive_IT), (8 bytes).
    Removing air001xx_hal_uart.o(.text.UART_DMAAbortOnError), (32 bytes).
    Removing air001xx_hal_uart.o(.ARM.exidx.text.UART_DMAAbortOnError), (8 bytes).
    Removing air001xx_hal_uart.o(.text.HAL_UART_ErrorCallback), (8 bytes).
    Removing air001xx_hal_uart.o(.ARM.exidx.text.HAL_UART_ErrorCallback), (8 bytes).
    Removing air001xx_hal_uart.o(.text.UART_Transmit_IT), (168 bytes).
    Removing air001xx_hal_uart.o(.ARM.exidx.text.UART_Transmit_IT), (8 bytes).
    Removing air001xx_hal_uart.o(.text.UART_EndTransmit_IT), (38 bytes).
    Removing air001xx_hal_uart.o(.ARM.exidx.text.UART_EndTransmit_IT), (8 bytes).
    Removing air001xx_hal_uart.o(.text.HAL_UART_TxCpltCallback), (8 bytes).
    Removing air001xx_hal_uart.o(.ARM.exidx.text.HAL_UART_TxCpltCallback), (8 bytes).
    Removing air001xx_hal_uart.o(.text.HAL_UART_TxHalfCpltCallback), (8 bytes).
    Removing air001xx_hal_uart.o(.ARM.exidx.text.HAL_UART_TxHalfCpltCallback), (8 bytes).
    Removing air001xx_hal_uart.o(.text.HAL_UART_RxCpltCallback), (8 bytes).
    Removing air001xx_hal_uart.o(.ARM.exidx.text.HAL_UART_RxCpltCallback), (8 bytes).
    Removing air001xx_hal_uart.o(.text.HAL_UART_RxHalfCpltCallback), (8 bytes).
    Removing air001xx_hal_uart.o(.ARM.exidx.text.HAL_UART_RxHalfCpltCallback), (8 bytes).
    Removing air001xx_hal_uart.o(.text.HAL_UART_SendBreak), (92 bytes).
    Removing air001xx_hal_uart.o(.ARM.exidx.text.HAL_UART_SendBreak), (8 bytes).
    Removing air001xx_hal_uart.o(.text.HAL_MultiProcessor_EnterMuteMode), (92 bytes).
    Removing air001xx_hal_uart.o(.ARM.exidx.text.HAL_MultiProcessor_EnterMuteMode), (8 bytes).
    Removing air001xx_hal_uart.o(.text.HAL_MultiProcessor_ExitMuteMode), (92 bytes).
    Removing air001xx_hal_uart.o(.ARM.exidx.text.HAL_MultiProcessor_ExitMuteMode), (8 bytes).
    Removing air001xx_hal_uart.o(.text.HAL_HalfDuplex_EnableTransmitter), (116 bytes).
    Removing air001xx_hal_uart.o(.ARM.exidx.text.HAL_HalfDuplex_EnableTransmitter), (8 bytes).
    Removing air001xx_hal_uart.o(.text.HAL_HalfDuplex_EnableReceiver), (116 bytes).
    Removing air001xx_hal_uart.o(.ARM.exidx.text.HAL_HalfDuplex_EnableReceiver), (8 bytes).
    Removing air001xx_hal_uart.o(.text.HAL_UART_GetState), (40 bytes).
    Removing air001xx_hal_uart.o(.ARM.exidx.text.HAL_UART_GetState), (8 bytes).
    Removing air001xx_hal_uart.o(.text.HAL_UART_GetError), (12 bytes).
    Removing air001xx_hal_uart.o(.ARM.exidx.text.HAL_UART_GetError), (8 bytes).
    Removing main.o(.text), (0 bytes).
    Removing main.o(.ARM.exidx.text.main), (8 bytes).
    Removing main.o(.ARM.exidx.text.rcc_init), (8 bytes).
    Removing main.o(.ARM.exidx.text.gpio_init), (8 bytes).
    Removing main.o(.ARM.exidx.text.usart1_init), (8 bytes).
    Removing main.o(.ARM.exidx.text.disable_swd), (8 bytes).
    Removing main.o(.ARM.exidx.text.get_notch_status), (8 bytes).
    Removing main.o(.ARM.exidx.text.HAL_UART_MspInit), (8 bytes).
    Removing main.o(.rodata.cst8), (8 bytes).
    Removing main.o(.rodata.cst16), (16 bytes).
    Removing main.o(.ARM.use_no_argv), (4 bytes).
    Removing air001xx_it.o(.text), (0 bytes).
    Removing air001xx_it.o(.ARM.exidx.text.NMI_Handler), (8 bytes).
    Removing air001xx_it.o(.ARM.exidx.text.HardFault_Handler), (8 bytes).
    Removing air001xx_it.o(.ARM.exidx.text.SVC_Handler), (8 bytes).
    Removing air001xx_it.o(.ARM.exidx.text.PendSV_Handler), (8 bytes).
    Removing air001xx_it.o(.ARM.exidx.text.SysTick_Handler), (8 bytes).
    Removing system_air001xx.o(.text), (0 bytes).
    Removing system_air001xx.o(.text.SystemCoreClockUpdate), (356 bytes).
    Removing system_air001xx.o(.ARM.exidx.text.SystemCoreClockUpdate), (8 bytes).
    Removing system_air001xx.o(.ARM.exidx.text.SystemInit), (8 bytes).
    Removing system_air001xx.o(.ARM.exidx.text.$Sub$$main), (8 bytes).

370 unused section(s) (total 18788 bytes) removed from the image.

==============================================================================

Image Symbol Table

    Local Symbols

    Symbol Name                              Value     Ov Type        Size  Object(Section)

    ../clib/angel/boardlib.s                 0x00000000   Number         0  boardinit1.o ABSOLUTE
    ../clib/angel/boardlib.s                 0x00000000   Number         0  boardinit2.o ABSOLUTE
    ../clib/angel/boardlib.s                 0x00000000   Number         0  boardinit3.o ABSOLUTE
    ../clib/angel/boardlib.s                 0x00000000   Number         0  boardshut.o ABSOLUTE
    ../clib/angel/handlers.s                 0x00000000   Number         0  __scatter_copy.o ABSOLUTE
    ../clib/angel/handlers.s                 0x00000000   Number         0  __scatter_zi.o ABSOLUTE
    ../clib/angel/kernel.s                   0x00000000   Number         0  __rtentry.o ABSOLUTE
    ../clib/angel/kernel.s                   0x00000000   Number         0  __rtentry2.o ABSOLUTE
    ../clib/angel/kernel.s                   0x00000000   Number         0  __rtentry4.o ABSOLUTE
    ../clib/angel/kernel.s                   0x00000000   Number         0  rtexit.o ABSOLUTE
    ../clib/angel/kernel.s                   0x00000000   Number         0  rtexit2.o ABSOLUTE
    ../clib/angel/rt.s                       0x00000000   Number         0  aeabi_idiv0.o ABSOLUTE
    ../clib/angel/rt.s                       0x00000000   Number         0  aeabi_idiv0_sigfpe.o ABSOLUTE
    ../clib/angel/rt.s                       0x00000000   Number         0  rt_div0.o ABSOLUTE
    ../clib/angel/rt.s                       0x00000000   Number         0  rt_raise.o ABSOLUTE
    ../clib/angel/scatterp.s                 0x00000000   Number         0  __scatter.o ABSOLUTE
    ../clib/angel/startup.s                  0x00000000   Number         0  __main.o ABSOLUTE
    ../clib/angel/sys.s                      0x00000000   Number         0  sys_stackheap_outer.o ABSOLUTE
    ../clib/angel/sys.s                      0x00000000   Number         0  libspace.o ABSOLUTE
    ../clib/angel/sys.s                      0x00000000   Number         0  tempstk.o ABSOLUTE
    ../clib/angel/sys.s                      0x00000000   Number         0  use_no_semi.o ABSOLUTE
    ../clib/angel/sys.s                      0x00000000   Number         0  indicate_semi.o ABSOLUTE
    ../clib/angel/sysapp.c                   0x00000000   Number         0  sys_exit.o ABSOLUTE
    ../clib/angel/sysapp.c                   0x00000000   Number         0  sys_exit_hlt.o ABSOLUTE
    ../clib/angel/sysapp.c                   0x00000000   Number         0  sys_wrch.o ABSOLUTE
    ../clib/angel/sysapp.c                   0x00000000   Number         0  sys_wrch_hlt.o ABSOLUTE
    ../clib/angel/sysapp.c                   0x00000000   Number         0  sys_command.o ABSOLUTE
    ../clib/angel/sysapp.c                   0x00000000   Number         0  sys_command_hlt.o ABSOLUTE
    ../clib/armsys.c                         0x00000000   Number         0  argv_veneer.o ABSOLUTE
    ../clib/armsys.c                         0x00000000   Number         0  _get_argv_nomalloc.o ABSOLUTE
    ../clib/armsys.c                         0x00000000   Number         0  no_argv.o ABSOLUTE
    ../clib/division.s                       0x00000000   Number         0  aeabi_sdiv.o ABSOLUTE
    ../clib/division.s                       0x00000000   Number         0  aeabi_sdiv_div0.o ABSOLUTE
    ../clib/heapalloc.c                      0x00000000   Number         0  hrguard.o ABSOLUTE
    ../clib/heapaux.c                        0x00000000   Number         0  heapauxi.o ABSOLUTE
    ../clib/libinit.s                        0x00000000   Number         0  libinit.o ABSOLUTE
    ../clib/libinit.s                        0x00000000   Number         0  libinit2.o ABSOLUTE
    ../clib/libinit.s                        0x00000000   Number         0  libshutdown.o ABSOLUTE
    ../clib/libinit.s                        0x00000000   Number         0  libshutdown2.o ABSOLUTE
    ../clib/signal.c                         0x00000000   Number         0  defsig_fpe_outer.o ABSOLUTE
    ../clib/signal.c                         0x00000000   Number         0  defsig_fpe_formal.o ABSOLUTE
    ../clib/signal.c                         0x00000000   Number         0  defsig_exit.o ABSOLUTE
    ../clib/signal.c                         0x00000000   Number         0  defsig_fpe_inner.o ABSOLUTE
    ../clib/signal.c                         0x00000000   Number         0  __raise.o ABSOLUTE
    ../clib/signal.c                         0x00000000   Number         0  defsig_general.o ABSOLUTE
    ../clib/signal.c                         0x00000000   Number         0  defsig_abrt_inner.o ABSOLUTE
    ../clib/signal.c                         0x00000000   Number         0  defsig_rtred_inner.o ABSOLUTE
    ../clib/signal.c                         0x00000000   Number         0  defsig_rtmem_inner.o ABSOLUTE
    ../clib/signal.c                         0x00000000   Number         0  defsig_rtmem_outer.o ABSOLUTE
    ../clib/signal.c                         0x00000000   Number         0  defsig_rtmem_formal.o ABSOLUTE
    ../clib/signal.c                         0x00000000   Number         0  defsig_stak_inner.o ABSOLUTE
    ../clib/signal.c                         0x00000000   Number         0  defsig_pvfn_inner.o ABSOLUTE
    ../clib/signal.c                         0x00000000   Number         0  defsig_cppl_inner.o ABSOLUTE
    ../clib/signal.c                         0x00000000   Number         0  defsig_segv_inner.o ABSOLUTE
    ../clib/signal.c                         0x00000000   Number         0  defsig_other.o ABSOLUTE
    ../clib/signal.s                         0x00000000   Number         0  defsig.o ABSOLUTE
    ../clib/stdlib.c                         0x00000000   Number         0  exit.o ABSOLUTE
    ../fplib/cfplib/fpinit.c                 0x00000000   Number         0  fpinit.o ABSOLUTE
    RTE/Device/AIR001Dev/startup_air001_dev.s 0x00000000   Number         0  startup_air001_dev.o ABSOLUTE
    air001xx_hal.c                           0x00000000   Number         0  air001xx_hal.o ABSOLUTE
    air001xx_hal_cortex.c                    0x00000000   Number         0  air001xx_hal_cortex.o ABSOLUTE
    air001xx_hal_dma.c                       0x00000000   Number         0  air001xx_hal_dma.o ABSOLUTE
    air001xx_hal_flash.c                     0x00000000   Number         0  air001xx_hal_flash.o ABSOLUTE
    air001xx_hal_gpio.c                      0x00000000   Number         0  air001xx_hal_gpio.o ABSOLUTE
    air001xx_hal_pwr.c                       0x00000000   Number         0  air001xx_hal_pwr.o ABSOLUTE
    air001xx_hal_rcc.c                       0x00000000   Number         0  air001xx_hal_rcc.o ABSOLUTE
    air001xx_hal_uart.c                      0x00000000   Number         0  air001xx_hal_uart.o ABSOLUTE
    air001xx_it.c                            0x00000000   Number         0  air001xx_it.o ABSOLUTE
    dc.s                                     0x00000000   Number         0  dc.o ABSOLUTE
    main.c                                   0x00000000   Number         0  main.o ABSOLUTE
    system_air001xx.c                        0x00000000   Number         0  system_air001xx.o ABSOLUTE
    RESET                                    0x08000000   Section      192  startup_air001_dev.o(RESET)
    !!!main                                  0x080000c0   Section        8  __main.o(!!!main)
    !!!scatter                               0x080000c8   Section       60  __scatter.o(!!!scatter)
    !!handler_copy                           0x08000104   Section       26  __scatter_copy.o(!!handler_copy)
    !!handler_zi                             0x08000120   Section       28  __scatter_zi.o(!!handler_zi)
    .ARM.Collect$$libinit$$00000000          0x0800013c   Section        2  libinit.o(.ARM.Collect$$libinit$$00000000)
    .ARM.Collect$$libinit$$00000002          0x0800013e   Section        0  libinit2.o(.ARM.Collect$$libinit$$00000002)
    .ARM.Collect$$libinit$$00000004          0x0800013e   Section        0  libinit2.o(.ARM.Collect$$libinit$$00000004)
    .ARM.Collect$$libinit$$00000006          0x0800013e   Section        0  libinit2.o(.ARM.Collect$$libinit$$00000006)
    .ARM.Collect$$libinit$$0000000C          0x0800013e   Section        0  libinit2.o(.ARM.Collect$$libinit$$0000000C)
    .ARM.Collect$$libinit$$0000000E          0x0800013e   Section        0  libinit2.o(.ARM.Collect$$libinit$$0000000E)
    .ARM.Collect$$libinit$$00000010          0x0800013e   Section        0  libinit2.o(.ARM.Collect$$libinit$$00000010)
    .ARM.Collect$$libinit$$00000013          0x0800013e   Section        0  libinit2.o(.ARM.Collect$$libinit$$00000013)
    .ARM.Collect$$libinit$$00000015          0x0800013e   Section        0  libinit2.o(.ARM.Collect$$libinit$$00000015)
    .ARM.Collect$$libinit$$00000017          0x0800013e   Section        0  libinit2.o(.ARM.Collect$$libinit$$00000017)
    .ARM.Collect$$libinit$$00000019          0x0800013e   Section        0  libinit2.o(.ARM.Collect$$libinit$$00000019)
    .ARM.Collect$$libinit$$0000001B          0x0800013e   Section        0  libinit2.o(.ARM.Collect$$libinit$$0000001B)
    .ARM.Collect$$libinit$$0000001D          0x0800013e   Section        0  libinit2.o(.ARM.Collect$$libinit$$0000001D)
    .ARM.Collect$$libinit$$0000001F          0x0800013e   Section        0  libinit2.o(.ARM.Collect$$libinit$$0000001F)
    .ARM.Collect$$libinit$$00000021          0x0800013e   Section        0  libinit2.o(.ARM.Collect$$libinit$$00000021)
    .ARM.Collect$$libinit$$00000023          0x0800013e   Section        0  libinit2.o(.ARM.Collect$$libinit$$00000023)
    .ARM.Collect$$libinit$$00000025          0x0800013e   Section        0  libinit2.o(.ARM.Collect$$libinit$$00000025)
    .ARM.Collect$$libinit$$00000027          0x0800013e   Section        0  libinit2.o(.ARM.Collect$$libinit$$00000027)
    .ARM.Collect$$libinit$$0000002E          0x0800013e   Section        0  libinit2.o(.ARM.Collect$$libinit$$0000002E)
    .ARM.Collect$$libinit$$00000030          0x0800013e   Section        0  libinit2.o(.ARM.Collect$$libinit$$00000030)
    .ARM.Collect$$libinit$$00000032          0x0800013e   Section        0  libinit2.o(.ARM.Collect$$libinit$$00000032)
    .ARM.Collect$$libinit$$00000034          0x0800013e   Section        0  libinit2.o(.ARM.Collect$$libinit$$00000034)
    .ARM.Collect$$libinit$$00000035          0x0800013e   Section        2  libinit2.o(.ARM.Collect$$libinit$$00000035)
    .ARM.Collect$$libshutdown$$00000000      0x08000140   Section        2  libshutdown.o(.ARM.Collect$$libshutdown$$00000000)
    .ARM.Collect$$libshutdown$$00000002      0x08000142   Section        0  libshutdown2.o(.ARM.Collect$$libshutdown$$00000002)
    .ARM.Collect$$libshutdown$$00000004      0x08000142   Section        0  libshutdown2.o(.ARM.Collect$$libshutdown$$00000004)
    .ARM.Collect$$libshutdown$$00000007      0x08000142   Section        0  libshutdown2.o(.ARM.Collect$$libshutdown$$00000007)
    .ARM.Collect$$libshutdown$$0000000A      0x08000142   Section        0  libshutdown2.o(.ARM.Collect$$libshutdown$$0000000A)
    .ARM.Collect$$libshutdown$$0000000C      0x08000142   Section        0  libshutdown2.o(.ARM.Collect$$libshutdown$$0000000C)
    .ARM.Collect$$libshutdown$$0000000F      0x08000142   Section        0  libshutdown2.o(.ARM.Collect$$libshutdown$$0000000F)
    .ARM.Collect$$libshutdown$$00000010      0x08000142   Section        2  libshutdown2.o(.ARM.Collect$$libshutdown$$00000010)
    .ARM.Collect$$rtentry$$00000000          0x08000144   Section        0  __rtentry.o(.ARM.Collect$$rtentry$$00000000)
    .ARM.Collect$$rtentry$$00000002          0x08000144   Section        0  __rtentry2.o(.ARM.Collect$$rtentry$$00000002)
    .ARM.Collect$$rtentry$$00000004          0x08000144   Section        6  __rtentry4.o(.ARM.Collect$$rtentry$$00000004)
    .ARM.Collect$$rtentry$$00000009          0x0800014a   Section        0  __rtentry2.o(.ARM.Collect$$rtentry$$00000009)
    .ARM.Collect$$rtentry$$0000000A          0x0800014a   Section        4  __rtentry2.o(.ARM.Collect$$rtentry$$0000000A)
    .ARM.Collect$$rtentry$$0000000C          0x0800014e   Section        0  __rtentry2.o(.ARM.Collect$$rtentry$$0000000C)
    .ARM.Collect$$rtentry$$0000000D          0x0800014e   Section        8  __rtentry2.o(.ARM.Collect$$rtentry$$0000000D)
    .ARM.Collect$$rtexit$$00000000           0x08000156   Section        2  rtexit.o(.ARM.Collect$$rtexit$$00000000)
    .ARM.Collect$$rtexit$$00000002           0x08000158   Section        0  rtexit2.o(.ARM.Collect$$rtexit$$00000002)
    .ARM.Collect$$rtexit$$00000003           0x08000158   Section        4  rtexit2.o(.ARM.Collect$$rtexit$$00000003)
    .ARM.Collect$$rtexit$$00000004           0x0800015c   Section        6  rtexit2.o(.ARM.Collect$$rtexit$$00000004)
    .text                                    0x08000164   Section       56  startup_air001_dev.o(.text)
    .text                                    0x0800019c   Section      364  aeabi_sdiv.o(.text)
    .text                                    0x08000308   Section        0  heapauxi.o(.text)
    .text                                    0x0800030e   Section       62  sys_stackheap_outer.o(.text)
    .text                                    0x0800034c   Section        0  exit.o(.text)
    .text                                    0x0800035c   Section        8  libspace.o(.text)
    .text                                    0x08000364   Section        0  sys_exit.o(.text)
    .text                                    0x08000370   Section        2  use_no_semi.o(.text)
    .text                                    0x08000372   Section        0  indicate_semi.o(.text)
    [Anonymous Symbol]                       0x08000374   Section        0  system_air001xx.o(.text.$Sub$$main)
    __arm_cp.2_0                             0x080003bc   Number         4  system_air001xx.o(.text.$Sub$$main)
    __arm_cp.2_1                             0x080003c0   Number         4  system_air001xx.o(.text.$Sub$$main)
    [Anonymous Symbol]                       0x080003c4   Section        0  air001xx_hal.o(.text.HAL_Delay)
    [Anonymous Symbol]                       0x08000404   Section        0  air001xx_hal_gpio.o(.text.HAL_GPIO_Init)
    __arm_cp.0_0                             0x08000688   Number         4  air001xx_hal_gpio.o(.text.HAL_GPIO_Init)
    __arm_cp.0_1                             0x0800068c   Number         4  air001xx_hal_gpio.o(.text.HAL_GPIO_Init)
    __arm_cp.0_2                             0x08000690   Number         4  air001xx_hal_gpio.o(.text.HAL_GPIO_Init)
    __arm_cp.0_3                             0x08000694   Number         4  air001xx_hal_gpio.o(.text.HAL_GPIO_Init)
    __arm_cp.0_4                             0x08000698   Number         4  air001xx_hal_gpio.o(.text.HAL_GPIO_Init)
    __arm_cp.0_5                             0x0800069c   Number         4  air001xx_hal_gpio.o(.text.HAL_GPIO_Init)
    [Anonymous Symbol]                       0x080006a0   Section        0  air001xx_hal.o(.text.HAL_GetTick)
    [Anonymous Symbol]                       0x080006a8   Section        0  air001xx_hal.o(.text.HAL_IncTick)
    __arm_cp.5_1                             0x080006b8   Number         4  air001xx_hal.o(.text.HAL_IncTick)
    [Anonymous Symbol]                       0x080006bc   Section        0  air001xx_hal.o(.text.HAL_Init)
    [Anonymous Symbol]                       0x080006e8   Section        0  air001xx_hal.o(.text.HAL_InitTick)
    __arm_cp.1_0                             0x08000760   Number         4  air001xx_hal.o(.text.HAL_InitTick)
    [Anonymous Symbol]                       0x08000764   Section        0  air001xx_hal.o(.text.HAL_MspInit)
    [Anonymous Symbol]                       0x08000766   Section        0  air001xx_hal_cortex.o(.text.HAL_NVIC_SetPriority)
    [Anonymous Symbol]                       0x08000784   Section        0  air001xx_hal_rcc.o(.text.HAL_RCC_ClockConfig)
    __arm_cp.4_0                             0x080009c0   Number         4  air001xx_hal_rcc.o(.text.HAL_RCC_ClockConfig)
    __arm_cp.4_2                             0x080009c4   Number         4  air001xx_hal_rcc.o(.text.HAL_RCC_ClockConfig)
    __arm_cp.4_3                             0x080009c8   Number         4  air001xx_hal_rcc.o(.text.HAL_RCC_ClockConfig)
    __arm_cp.4_5                             0x080009cc   Number         4  air001xx_hal_rcc.o(.text.HAL_RCC_ClockConfig)
    __arm_cp.4_7                             0x080009d0   Number         4  air001xx_hal_rcc.o(.text.HAL_RCC_ClockConfig)
    __arm_cp.4_8                             0x080009d4   Number         4  air001xx_hal_rcc.o(.text.HAL_RCC_ClockConfig)
    [Anonymous Symbol]                       0x080009d8   Section        0  air001xx_hal_rcc.o(.text.HAL_RCC_GetHCLKFreq)
    __arm_cp.6_0                             0x080009e0   Number         4  air001xx_hal_rcc.o(.text.HAL_RCC_GetHCLKFreq)
    [Anonymous Symbol]                       0x080009e4   Section        0  air001xx_hal_rcc.o(.text.HAL_RCC_GetPCLK1Freq)
    __arm_cp.7_1                             0x08000a04   Number         4  air001xx_hal_rcc.o(.text.HAL_RCC_GetPCLK1Freq)
    [Anonymous Symbol]                       0x08000a08   Section        0  air001xx_hal_rcc.o(.text.HAL_RCC_GetSysClockFreq)
    __arm_cp.2_0                             0x08000b18   Number         4  air001xx_hal_rcc.o(.text.HAL_RCC_GetSysClockFreq)
    __arm_cp.2_1                             0x08000b1c   Number         4  air001xx_hal_rcc.o(.text.HAL_RCC_GetSysClockFreq)
    __arm_cp.2_2                             0x08000b20   Number         4  air001xx_hal_rcc.o(.text.HAL_RCC_GetSysClockFreq)
    __arm_cp.2_3                             0x08000b24   Number         4  air001xx_hal_rcc.o(.text.HAL_RCC_GetSysClockFreq)
    __arm_cp.2_4                             0x08000b28   Number         4  air001xx_hal_rcc.o(.text.HAL_RCC_GetSysClockFreq)
    __arm_cp.2_5                             0x08000b2c   Number         4  air001xx_hal_rcc.o(.text.HAL_RCC_GetSysClockFreq)
    __arm_cp.2_6                             0x08000b30   Number         4  air001xx_hal_rcc.o(.text.HAL_RCC_GetSysClockFreq)
    [Anonymous Symbol]                       0x08000b34   Section        0  air001xx_hal_rcc.o(.text.HAL_RCC_OscConfig)
    __arm_cp.1_19                            0x08000f60   Number         4  air001xx_hal_rcc.o(.text.HAL_RCC_OscConfig)
    __arm_cp.1_20                            0x08000f64   Number         4  air001xx_hal_rcc.o(.text.HAL_RCC_OscConfig)
    __arm_cp.1_21                            0x08000f68   Number         4  air001xx_hal_rcc.o(.text.HAL_RCC_OscConfig)
    __arm_cp.1_22                            0x08000f6c   Number         4  air001xx_hal_rcc.o(.text.HAL_RCC_OscConfig)
    __arm_cp.1_23                            0x08000f70   Number         4  air001xx_hal_rcc.o(.text.HAL_RCC_OscConfig)
    __arm_cp.1_0                             0x08001218   Number         4  air001xx_hal_rcc.o(.text.HAL_RCC_OscConfig)
    __arm_cp.1_1                             0x0800121c   Number         4  air001xx_hal_rcc.o(.text.HAL_RCC_OscConfig)
    __arm_cp.1_2                             0x08001220   Number         4  air001xx_hal_rcc.o(.text.HAL_RCC_OscConfig)
    __arm_cp.1_3                             0x08001224   Number         4  air001xx_hal_rcc.o(.text.HAL_RCC_OscConfig)
    __arm_cp.1_9                             0x08001228   Number         4  air001xx_hal_rcc.o(.text.HAL_RCC_OscConfig)
    __arm_cp.1_10                            0x0800122c   Number         4  air001xx_hal_rcc.o(.text.HAL_RCC_OscConfig)
    __arm_cp.1_11                            0x08001230   Number         4  air001xx_hal_rcc.o(.text.HAL_RCC_OscConfig)
    __arm_cp.1_12                            0x08001234   Number         4  air001xx_hal_rcc.o(.text.HAL_RCC_OscConfig)
    __arm_cp.1_13                            0x08001238   Number         4  air001xx_hal_rcc.o(.text.HAL_RCC_OscConfig)
    __arm_cp.1_14                            0x0800123c   Number         4  air001xx_hal_rcc.o(.text.HAL_RCC_OscConfig)
    [Anonymous Symbol]                       0x08001240   Section        0  air001xx_hal_cortex.o(.text.HAL_SYSTICK_Config)
    [Anonymous Symbol]                       0x08001250   Section        0  air001xx_hal_uart.o(.text.HAL_UART_Init)
    [Anonymous Symbol]                       0x08001308   Section        0  main.o(.text.HAL_UART_MspInit)
    __arm_cp.6_0                             0x08001348   Number         4  main.o(.text.HAL_UART_MspInit)
    [Anonymous Symbol]                       0x0800134c   Section        0  air001xx_it.o(.text.HardFault_Handler)
    [Anonymous Symbol]                       0x08001350   Section        0  air001xx_it.o(.text.NMI_Handler)
    [Anonymous Symbol]                       0x08001352   Section        0  air001xx_it.o(.text.PendSV_Handler)
    RCC_GetHSIFreq                           0x08001355   Thumb Code    28  air001xx_hal_rcc.o(.text.RCC_GetHSIFreq)
    [Anonymous Symbol]                       0x08001354   Section        0  air001xx_hal_rcc.o(.text.RCC_GetHSIFreq)
    __arm_cp.3_1                             0x08001370   Number         4  air001xx_hal_rcc.o(.text.RCC_GetHSIFreq)
    [Anonymous Symbol]                       0x08001374   Section        0  air001xx_it.o(.text.SVC_Handler)
    SysTick_Config                           0x08001379   Thumb Code    68  air001xx_hal_cortex.o(.text.SysTick_Config)
    [Anonymous Symbol]                       0x08001378   Section        0  air001xx_hal_cortex.o(.text.SysTick_Config)
    __arm_cp.10_0                            0x080013bc   Number         4  air001xx_hal_cortex.o(.text.SysTick_Config)
    __arm_cp.10_1                            0x080013c0   Number         4  air001xx_hal_cortex.o(.text.SysTick_Config)
    __arm_cp.10_2                            0x080013c4   Number         4  air001xx_hal_cortex.o(.text.SysTick_Config)
    [Anonymous Symbol]                       0x080013c8   Section        0  air001xx_it.o(.text.SysTick_Handler)
    [Anonymous Symbol]                       0x080013d0   Section        0  system_air001xx.o(.text.SystemInit)
    __arm_cp.1_0                             0x080013f0   Number         4  system_air001xx.o(.text.SystemInit)
    __arm_cp.1_1                             0x080013f4   Number         4  system_air001xx.o(.text.SystemInit)
    __arm_cp.1_2                             0x080013f8   Number         4  system_air001xx.o(.text.SystemInit)
    __arm_cp.1_3                             0x080013fc   Number         4  system_air001xx.o(.text.SystemInit)
    UART_AdvFeatureConfig                    0x08001401   Thumb Code    80  air001xx_hal_uart.o(.text.UART_AdvFeatureConfig)
    [Anonymous Symbol]                       0x08001400   Section        0  air001xx_hal_uart.o(.text.UART_AdvFeatureConfig)
    UART_SetConfig                           0x08001451   Thumb Code   296  air001xx_hal_uart.o(.text.UART_SetConfig)
    [Anonymous Symbol]                       0x08001450   Section        0  air001xx_hal_uart.o(.text.UART_SetConfig)
    __arm_cp.2_0                             0x08001578   Number         4  air001xx_hal_uart.o(.text.UART_SetConfig)
    __NVIC_SetPriority                       0x0800157d   Thumb Code   124  air001xx_hal_cortex.o(.text.__NVIC_SetPriority)
    [Anonymous Symbol]                       0x0800157c   Section        0  air001xx_hal_cortex.o(.text.__NVIC_SetPriority)
    __arm_cp.1_0                             0x080015f8   Number         4  air001xx_hal_cortex.o(.text.__NVIC_SetPriority)
    __arm_cp.1_1                             0x080015fc   Number         4  air001xx_hal_cortex.o(.text.__NVIC_SetPriority)
    [Anonymous Symbol]                       0x08001600   Section        0  main.o(.text.disable_swd)
    [Anonymous Symbol]                       0x08001630   Section        0  main.o(.text.get_notch_status)
    __arm_cp.5_2                             0x080018b0   Number         4  main.o(.text.get_notch_status)
    __arm_cp.5_3                             0x080018b4   Number         4  main.o(.text.get_notch_status)
    [Anonymous Symbol]                       0x080018b8   Section        0  main.o(.text.gpio_init)
    __arm_cp.2_0                             0x08001940   Number         4  main.o(.text.gpio_init)
    __arm_cp.2_1                             0x08001944   Number         4  main.o(.text.gpio_init)
    __arm_cp.2_2                             0x08001948   Number         4  main.o(.text.gpio_init)
    [Anonymous Symbol]                       0x0800194c   Section        0  main.o(.text.main)
    __arm_cp.0_0                             0x080019e8   Number         4  main.o(.text.main)
    __arm_cp.0_2                             0x080019ec   Number         4  main.o(.text.main)
    __arm_cp.0_3                             0x080019f0   Number         4  main.o(.text.main)
    [Anonymous Symbol]                       0x080019f4   Section        0  main.o(.text.rcc_init)
    __arm_cp.1_0                             0x08001a5c   Number         4  main.o(.text.rcc_init)
    __arm_cp.1_1                             0x08001a60   Number         4  main.o(.text.rcc_init)
    __arm_cp.1_2                             0x08001a64   Number         4  main.o(.text.rcc_init)
    [Anonymous Symbol]                       0x08001a68   Section        0  main.o(.text.usart1_init)
    __arm_cp.3_0                             0x08001aa8   Number         4  main.o(.text.usart1_init)
    __arm_cp.3_1                             0x08001aac   Number         4  main.o(.text.usart1_init)
    __arm_cp.3_2                             0x08001ab0   Number         4  main.o(.text.usart1_init)
    [Anonymous Symbol]                       0x08001ab4   Section        0  air001xx_hal_rcc.o(.rodata..L__const.HAL_RCC_GetSysClockFreq.hsiValue)
    .bss                                     0x200000d0   Section       96  libspace.o(.bss)
    Heap_Mem                                 0x20000188   Data         512  startup_air001_dev.o(HEAP)
    HEAP                                     0x20000188   Section      512  startup_air001_dev.o(HEAP)
    Stack_Mem                                0x20000388   Data        1024  startup_air001_dev.o(STACK)
    STACK                                    0x20000388   Section     1024  startup_air001_dev.o(STACK)
    __initial_sp                             0x20000788   Data           0  startup_air001_dev.o(STACK)

    Global Symbols

    Symbol Name                              Value     Ov Type        Size  Object(Section)

    BuildAttributes$$THM_ISAv3M$S$PE$A:L22$X:L11$S22$IEEE1$IW$~IW$USESV6$~STKCKD$USESV7$~SHL$OSPACE$ROPI$EBA8$UX$STANDARDLIB$REQ8$PRES8$EABIv2 0x00000000   Number         0  anon$$obj.o ABSOLUTE
    __ARM_exceptions_init                     - Undefined Weak Reference
    __alloca_initialize                       - Undefined Weak Reference
    __arm_preinit_                            - Undefined Weak Reference
    __arm_relocate_pie_                       - Undefined Weak Reference
    __cpp_initialize__aeabi_                  - Undefined Weak Reference
    __cxa_finalize                            - Undefined Weak Reference
    __rt_locale                               - Undefined Weak Reference
    __sigvec_lookup                           - Undefined Weak Reference
    _atexit_init                              - Undefined Weak Reference
    _call_atexit_fns                          - Undefined Weak Reference
    _clock_init                               - Undefined Weak Reference
    _fp_trap_init                             - Undefined Weak Reference
    _fp_trap_shutdown                         - Undefined Weak Reference
    _get_lc_collate                           - Undefined Weak Reference
    _get_lc_ctype                             - Undefined Weak Reference
    _get_lc_monetary                          - Undefined Weak Reference
    _get_lc_numeric                           - Undefined Weak Reference
    _get_lc_time                              - Undefined Weak Reference
    _getenv_init                              - Undefined Weak Reference
    _handle_redirection                       - Undefined Weak Reference
    _init_alloc                               - Undefined Weak Reference
    _init_user_alloc                          - Undefined Weak Reference
    _initio                                   - Undefined Weak Reference
    _rand_init                                - Undefined Weak Reference
    _signal_finish                            - Undefined Weak Reference
    _signal_init                              - Undefined Weak Reference
    _terminate_alloc                          - Undefined Weak Reference
    _terminate_user_alloc                     - Undefined Weak Reference
    _terminateio                              - Undefined Weak Reference
    __Vectors_Size                           0x000000c0   Number         0  startup_air001_dev.o ABSOLUTE
    __Vectors                                0x08000000   Data           4  startup_air001_dev.o(RESET)
    __Vectors_End                            0x080000c0   Data           0  startup_air001_dev.o(RESET)
    __main                                   0x080000c1   Thumb Code     8  __main.o(!!!main)
    __scatterload                            0x080000c9   Thumb Code     0  __scatter.o(!!!scatter)
    __scatterload_rt2                        0x080000c9   Thumb Code    52  __scatter.o(!!!scatter)
    __scatterload_rt2_thumb_only             0x080000c9   Thumb Code     0  __scatter.o(!!!scatter)
    __scatterload_null                       0x080000d9   Thumb Code     0  __scatter.o(!!!scatter)
    __scatterload_copy                       0x08000105   Thumb Code    26  __scatter_copy.o(!!handler_copy)
    __scatterload_zeroinit                   0x08000121   Thumb Code    28  __scatter_zi.o(!!handler_zi)
    __rt_lib_init                            0x0800013d   Thumb Code     0  libinit.o(.ARM.Collect$$libinit$$00000000)
    __rt_lib_init_alloca_1                   0x0800013f   Thumb Code     0  libinit2.o(.ARM.Collect$$libinit$$00000030)
    __rt_lib_init_argv_1                     0x0800013f   Thumb Code     0  libinit2.o(.ARM.Collect$$libinit$$0000002E)
    __rt_lib_init_atexit_1                   0x0800013f   Thumb Code     0  libinit2.o(.ARM.Collect$$libinit$$0000001D)
    __rt_lib_init_clock_1                    0x0800013f   Thumb Code     0  libinit2.o(.ARM.Collect$$libinit$$00000023)
    __rt_lib_init_cpp_1                      0x0800013f   Thumb Code     0  libinit2.o(.ARM.Collect$$libinit$$00000034)
    __rt_lib_init_exceptions_1               0x0800013f   Thumb Code     0  libinit2.o(.ARM.Collect$$libinit$$00000032)
    __rt_lib_init_fp_1                       0x0800013f   Thumb Code     0  libinit2.o(.ARM.Collect$$libinit$$00000002)
    __rt_lib_init_fp_trap_1                  0x0800013f   Thumb Code     0  libinit2.o(.ARM.Collect$$libinit$$00000021)
    __rt_lib_init_getenv_1                   0x0800013f   Thumb Code     0  libinit2.o(.ARM.Collect$$libinit$$00000025)
    __rt_lib_init_heap_1                     0x0800013f   Thumb Code     0  libinit2.o(.ARM.Collect$$libinit$$0000000C)
    __rt_lib_init_lc_collate_1               0x0800013f   Thumb Code     0  libinit2.o(.ARM.Collect$$libinit$$00000013)
    __rt_lib_init_lc_ctype_1                 0x0800013f   Thumb Code     0  libinit2.o(.ARM.Collect$$libinit$$00000015)
    __rt_lib_init_lc_monetary_1              0x0800013f   Thumb Code     0  libinit2.o(.ARM.Collect$$libinit$$00000017)
    __rt_lib_init_lc_numeric_1               0x0800013f   Thumb Code     0  libinit2.o(.ARM.Collect$$libinit$$00000019)
    __rt_lib_init_lc_time_1                  0x0800013f   Thumb Code     0  libinit2.o(.ARM.Collect$$libinit$$0000001B)
    __rt_lib_init_preinit_1                  0x0800013f   Thumb Code     0  libinit2.o(.ARM.Collect$$libinit$$00000006)
    __rt_lib_init_rand_1                     0x0800013f   Thumb Code     0  libinit2.o(.ARM.Collect$$libinit$$00000010)
    __rt_lib_init_relocate_pie_1             0x0800013f   Thumb Code     0  libinit2.o(.ARM.Collect$$libinit$$00000004)
    __rt_lib_init_return                     0x0800013f   Thumb Code     0  libinit2.o(.ARM.Collect$$libinit$$00000035)
    __rt_lib_init_signal_1                   0x0800013f   Thumb Code     0  libinit2.o(.ARM.Collect$$libinit$$0000001F)
    __rt_lib_init_stdio_1                    0x0800013f   Thumb Code     0  libinit2.o(.ARM.Collect$$libinit$$00000027)
    __rt_lib_init_user_alloc_1               0x0800013f   Thumb Code     0  libinit2.o(.ARM.Collect$$libinit$$0000000E)
    __rt_lib_shutdown                        0x08000141   Thumb Code     0  libshutdown.o(.ARM.Collect$$libshutdown$$00000000)
    __rt_lib_shutdown_cpp_1                  0x08000143   Thumb Code     0  libshutdown2.o(.ARM.Collect$$libshutdown$$00000002)
    __rt_lib_shutdown_fp_trap_1              0x08000143   Thumb Code     0  libshutdown2.o(.ARM.Collect$$libshutdown$$00000007)
    __rt_lib_shutdown_heap_1                 0x08000143   Thumb Code     0  libshutdown2.o(.ARM.Collect$$libshutdown$$0000000F)
    __rt_lib_shutdown_return                 0x08000143   Thumb Code     0  libshutdown2.o(.ARM.Collect$$libshutdown$$00000010)
    __rt_lib_shutdown_signal_1               0x08000143   Thumb Code     0  libshutdown2.o(.ARM.Collect$$libshutdown$$0000000A)
    __rt_lib_shutdown_stdio_1                0x08000143   Thumb Code     0  libshutdown2.o(.ARM.Collect$$libshutdown$$00000004)
    __rt_lib_shutdown_user_alloc_1           0x08000143   Thumb Code     0  libshutdown2.o(.ARM.Collect$$libshutdown$$0000000C)
    __rt_entry                               0x08000145   Thumb Code     0  __rtentry.o(.ARM.Collect$$rtentry$$00000000)
    __rt_entry_presh_1                       0x08000145   Thumb Code     0  __rtentry2.o(.ARM.Collect$$rtentry$$00000002)
    __rt_entry_sh                            0x08000145   Thumb Code     0  __rtentry4.o(.ARM.Collect$$rtentry$$00000004)
    __rt_entry_li                            0x0800014b   Thumb Code     0  __rtentry2.o(.ARM.Collect$$rtentry$$0000000A)
    __rt_entry_postsh_1                      0x0800014b   Thumb Code     0  __rtentry2.o(.ARM.Collect$$rtentry$$00000009)
    __rt_entry_main                          0x0800014f   Thumb Code     0  __rtentry2.o(.ARM.Collect$$rtentry$$0000000D)
    __rt_entry_postli_1                      0x0800014f   Thumb Code     0  __rtentry2.o(.ARM.Collect$$rtentry$$0000000C)
    __rt_exit                                0x08000157   Thumb Code     0  rtexit.o(.ARM.Collect$$rtexit$$00000000)
    __rt_exit_ls                             0x08000159   Thumb Code     0  rtexit2.o(.ARM.Collect$$rtexit$$00000003)
    __rt_exit_prels_1                        0x08000159   Thumb Code     0  rtexit2.o(.ARM.Collect$$rtexit$$00000002)
    __rt_exit_exit                           0x0800015d   Thumb Code     0  rtexit2.o(.ARM.Collect$$rtexit$$00000004)
    Reset_Handler                            0x08000165   Thumb Code     8  startup_air001_dev.o(.text)
    ADC_COMP_IRQHandler                      0x08000177   Thumb Code     0  startup_air001_dev.o(.text)
    DMA1_Channel1_IRQHandler                 0x08000177   Thumb Code     0  startup_air001_dev.o(.text)
    DMA1_Channel2_3_IRQHandler               0x08000177   Thumb Code     0  startup_air001_dev.o(.text)
    EXTI0_1_IRQHandler                       0x08000177   Thumb Code     0  startup_air001_dev.o(.text)
    EXTI2_3_IRQHandler                       0x08000177   Thumb Code     0  startup_air001_dev.o(.text)
    EXTI4_15_IRQHandler                      0x08000177   Thumb Code     0  startup_air001_dev.o(.text)
    FLASH_IRQHandler                         0x08000177   Thumb Code     0  startup_air001_dev.o(.text)
    I2C1_IRQHandler                          0x08000177   Thumb Code     0  startup_air001_dev.o(.text)
    LED_IRQHandler                           0x08000177   Thumb Code     0  startup_air001_dev.o(.text)
    LPTIM1_IRQHandler                        0x08000177   Thumb Code     0  startup_air001_dev.o(.text)
    PVD_IRQHandler                           0x08000177   Thumb Code     0  startup_air001_dev.o(.text)
    RCC_IRQHandler                           0x08000177   Thumb Code     0  startup_air001_dev.o(.text)
    RTC_IRQHandler                           0x08000177   Thumb Code     0  startup_air001_dev.o(.text)
    SPI1_IRQHandler                          0x08000177   Thumb Code     0  startup_air001_dev.o(.text)
    SPI2_IRQHandler                          0x08000177   Thumb Code     0  startup_air001_dev.o(.text)
    TIM14_IRQHandler                         0x08000177   Thumb Code     0  startup_air001_dev.o(.text)
    TIM16_IRQHandler                         0x08000177   Thumb Code     0  startup_air001_dev.o(.text)
    TIM17_IRQHandler                         0x08000177   Thumb Code     0  startup_air001_dev.o(.text)
    TIM1_BRK_UP_TRG_COM_IRQHandler           0x08000177   Thumb Code     0  startup_air001_dev.o(.text)
    TIM1_CC_IRQHandler                       0x08000177   Thumb Code     0  startup_air001_dev.o(.text)
    TIM3_IRQHandler                          0x08000177   Thumb Code     0  startup_air001_dev.o(.text)
    USART1_IRQHandler                        0x08000177   Thumb Code     0  startup_air001_dev.o(.text)
    USART2_IRQHandler                        0x08000177   Thumb Code     0  startup_air001_dev.o(.text)
    WWDG_IRQHandler                          0x08000177   Thumb Code     0  startup_air001_dev.o(.text)
    __user_initial_stackheap                 0x08000179   Thumb Code     0  startup_air001_dev.o(.text)
    __aeabi_uidiv                            0x0800019d   Thumb Code     0  aeabi_sdiv.o(.text)
    __aeabi_uidivmod                         0x0800019d   Thumb Code    20  aeabi_sdiv.o(.text)
    __aeabi_idiv                             0x080001b1   Thumb Code     0  aeabi_sdiv.o(.text)
    __aeabi_idivmod                          0x080001b1   Thumb Code   338  aeabi_sdiv.o(.text)
    __use_two_region_memory                  0x08000309   Thumb Code     2  heapauxi.o(.text)
    __rt_heap_escrow$2region                 0x0800030b   Thumb Code     2  heapauxi.o(.text)
    __rt_heap_expand$2region                 0x0800030d   Thumb Code     2  heapauxi.o(.text)
    __user_setup_stackheap                   0x0800030f   Thumb Code    62  sys_stackheap_outer.o(.text)
    exit                                     0x0800034d   Thumb Code    16  exit.o(.text)
    __user_libspace                          0x0800035d   Thumb Code     8  libspace.o(.text)
    __user_perproc_libspace                  0x0800035d   Thumb Code     0  libspace.o(.text)
    __user_perthread_libspace                0x0800035d   Thumb Code     0  libspace.o(.text)
    _sys_exit                                0x08000365   Thumb Code     8  sys_exit.o(.text)
    __I$use$semihosting                      0x08000371   Thumb Code     0  use_no_semi.o(.text)
    __use_no_semihosting_swi                 0x08000371   Thumb Code     2  use_no_semi.o(.text)
    __semihosting_library_function           0x08000373   Thumb Code     0  indicate_semi.o(.text)
    main                                     0x08000375   Thumb Code    72  system_air001xx.o(.text.$Sub$$main)
    HAL_Delay                                0x080003c5   Thumb Code    64  air001xx_hal.o(.text.HAL_Delay)
    HAL_GPIO_Init                            0x08000405   Thumb Code   644  air001xx_hal_gpio.o(.text.HAL_GPIO_Init)
    HAL_GetTick                              0x080006a1   Thumb Code     8  air001xx_hal.o(.text.HAL_GetTick)
    HAL_IncTick                              0x080006a9   Thumb Code    16  air001xx_hal.o(.text.HAL_IncTick)
    HAL_Init                                 0x080006bd   Thumb Code    42  air001xx_hal.o(.text.HAL_Init)
    HAL_InitTick                             0x080006e9   Thumb Code   120  air001xx_hal.o(.text.HAL_InitTick)
    HAL_MspInit                              0x08000765   Thumb Code     2  air001xx_hal.o(.text.HAL_MspInit)
    HAL_NVIC_SetPriority                     0x08000767   Thumb Code    28  air001xx_hal_cortex.o(.text.HAL_NVIC_SetPriority)
    HAL_RCC_ClockConfig                      0x08000785   Thumb Code   572  air001xx_hal_rcc.o(.text.HAL_RCC_ClockConfig)
    HAL_RCC_GetHCLKFreq                      0x080009d9   Thumb Code     8  air001xx_hal_rcc.o(.text.HAL_RCC_GetHCLKFreq)
    HAL_RCC_GetPCLK1Freq                     0x080009e5   Thumb Code    32  air001xx_hal_rcc.o(.text.HAL_RCC_GetPCLK1Freq)
    HAL_RCC_GetSysClockFreq                  0x08000a09   Thumb Code   272  air001xx_hal_rcc.o(.text.HAL_RCC_GetSysClockFreq)
    HAL_RCC_OscConfig                        0x08000b35   Thumb Code  1764  air001xx_hal_rcc.o(.text.HAL_RCC_OscConfig)
    HAL_SYSTICK_Config                       0x08001241   Thumb Code    16  air001xx_hal_cortex.o(.text.HAL_SYSTICK_Config)
    HAL_UART_Init                            0x08001251   Thumb Code   182  air001xx_hal_uart.o(.text.HAL_UART_Init)
    HAL_UART_MspInit                         0x08001309   Thumb Code    64  main.o(.text.HAL_UART_MspInit)
    HardFault_Handler                        0x0800134d   Thumb Code     4  air001xx_it.o(.text.HardFault_Handler)
    NMI_Handler                              0x08001351   Thumb Code     2  air001xx_it.o(.text.NMI_Handler)
    PendSV_Handler                           0x08001353   Thumb Code     2  air001xx_it.o(.text.PendSV_Handler)
    SVC_Handler                              0x08001375   Thumb Code     2  air001xx_it.o(.text.SVC_Handler)
    SysTick_Handler                          0x080013c9   Thumb Code     8  air001xx_it.o(.text.SysTick_Handler)
    SystemInit                               0x080013d1   Thumb Code    32  system_air001xx.o(.text.SystemInit)
    disable_swd                              0x08001601   Thumb Code    46  main.o(.text.disable_swd)
    get_notch_status                         0x08001631   Thumb Code   640  main.o(.text.get_notch_status)
    gpio_init                                0x080018b9   Thumb Code   136  main.o(.text.gpio_init)
    $Super$$main                             0x0800194d   Thumb Code   156  main.o(.text.main)
    rcc_init                                 0x080019f5   Thumb Code   104  main.o(.text.rcc_init)
    usart1_init                              0x08001a69   Thumb Code    64  main.o(.text.usart1_init)
    AHBPrescTable                            0x08001ac8   Data          64  system_air001xx.o(.rodata.AHBPrescTable)
    APBPrescTable                            0x08001b08   Data          32  system_air001xx.o(.rodata.APBPrescTable)
    HSIFreqTable                             0x08001b28   Data          32  system_air001xx.o(.rodata.HSIFreqTable)
    Region$$Table$$Base                      0x08001b48   Number         0  anon$$obj.o(Region$$Table)
    Region$$Table$$Limit                     0x08001b68   Number         0  anon$$obj.o(Region$$Table)
    VECT_SRAM_TAB                            0x20000000   Data         192  system_air001xx.o(.ARM.__at_0x20000000)
    SystemCoreClock                          0x200000c0   Data           4  system_air001xx.o(.data.SystemCoreClock)
    uwTickFreq                               0x200000c4   Data           4  air001xx_hal.o(.data.uwTickFreq)
    uwTickPrio                               0x200000c8   Data           4  air001xx_hal.o(.data.uwTickPrio)
    __libspace_start                         0x200000d0   Data          96  libspace.o(.bss)
    UartHandle                               0x20000130   Data          76  main.o(.bss.UartHandle)
    __temporary_stack_top$libspace           0x20000130   Data           0  libspace.o(.bss)
    notch_status                             0x2000017c   Data           1  main.o(.bss.notch_status)
    prev_status                              0x2000017d   Data           1  main.o(.bss.prev_status)
    uwTick                                   0x20000180   Data           4  air001xx_hal.o(.bss.uwTick)



==============================================================================

Memory Map of the image

  Image Entry point : 0x080000c1

  Load Region LR_IROM1 (Base: 0x08000000, Size: 0x00001c38, Max: 0x00008000, ABSOLUTE)

    Execution Region ER_IROM1 (Exec base: 0x08000000, Load base: 0x08000000, Size: 0x00001b68, Max: 0x00008000, ABSOLUTE)

    Exec Addr    Load Addr    Size         Type   Attr      Idx    E Section Name        Object

    0x08000000   0x08000000   0x000000c0   Data   RO          467    RESET               startup_air001_dev.o
    0x080000c0   0x080000c0   0x00000008   Code   RO          500  * !!!main             c_p.l(__main.o)
    0x080000c8   0x080000c8   0x0000003c   Code   RO          677    !!!scatter          c_p.l(__scatter.o)
    0x08000104   0x08000104   0x0000001a   Code   RO          679    !!handler_copy      c_p.l(__scatter_copy.o)
    0x0800011e   0x0800011e   0x00000002   PAD
    0x08000120   0x08000120   0x0000001c   Code   RO          681    !!handler_zi        c_p.l(__scatter_zi.o)
    0x0800013c   0x0800013c   0x00000002   Code   RO          538    .ARM.Collect$$libinit$$00000000  c_p.l(libinit.o)
    0x0800013e   0x0800013e   0x00000000   Code   RO          552    .ARM.Collect$$libinit$$00000002  c_p.l(libinit2.o)
    0x0800013e   0x0800013e   0x00000000   Code   RO          554    .ARM.Collect$$libinit$$00000004  c_p.l(libinit2.o)
    0x0800013e   0x0800013e   0x00000000   Code   RO          556    .ARM.Collect$$libinit$$00000006  c_p.l(libinit2.o)
    0x0800013e   0x0800013e   0x00000000   Code   RO          559    .ARM.Collect$$libinit$$0000000C  c_p.l(libinit2.o)
    0x0800013e   0x0800013e   0x00000000   Code   RO          561    .ARM.Collect$$libinit$$0000000E  c_p.l(libinit2.o)
    0x0800013e   0x0800013e   0x00000000   Code   RO          563    .ARM.Collect$$libinit$$00000010  c_p.l(libinit2.o)
    0x0800013e   0x0800013e   0x00000000   Code   RO          566    .ARM.Collect$$libinit$$00000013  c_p.l(libinit2.o)
    0x0800013e   0x0800013e   0x00000000   Code   RO          568    .ARM.Collect$$libinit$$00000015  c_p.l(libinit2.o)
    0x0800013e   0x0800013e   0x00000000   Code   RO          570    .ARM.Collect$$libinit$$00000017  c_p.l(libinit2.o)
    0x0800013e   0x0800013e   0x00000000   Code   RO          572    .ARM.Collect$$libinit$$00000019  c_p.l(libinit2.o)
    0x0800013e   0x0800013e   0x00000000   Code   RO          574    .ARM.Collect$$libinit$$0000001B  c_p.l(libinit2.o)
    0x0800013e   0x0800013e   0x00000000   Code   RO          576    .ARM.Collect$$libinit$$0000001D  c_p.l(libinit2.o)
    0x0800013e   0x0800013e   0x00000000   Code   RO          578    .ARM.Collect$$libinit$$0000001F  c_p.l(libinit2.o)
    0x0800013e   0x0800013e   0x00000000   Code   RO          580    .ARM.Collect$$libinit$$00000021  c_p.l(libinit2.o)
    0x0800013e   0x0800013e   0x00000000   Code   RO          582    .ARM.Collect$$libinit$$00000023  c_p.l(libinit2.o)
    0x0800013e   0x0800013e   0x00000000   Code   RO          584    .ARM.Collect$$libinit$$00000025  c_p.l(libinit2.o)
    0x0800013e   0x0800013e   0x00000000   Code   RO          586    .ARM.Collect$$libinit$$00000027  c_p.l(libinit2.o)
    0x0800013e   0x0800013e   0x00000000   Code   RO          590    .ARM.Collect$$libinit$$0000002E  c_p.l(libinit2.o)
    0x0800013e   0x0800013e   0x00000000   Code   RO          592    .ARM.Collect$$libinit$$00000030  c_p.l(libinit2.o)
    0x0800013e   0x0800013e   0x00000000   Code   RO          594    .ARM.Collect$$libinit$$00000032  c_p.l(libinit2.o)
    0x0800013e   0x0800013e   0x00000000   Code   RO          596    .ARM.Collect$$libinit$$00000034  c_p.l(libinit2.o)
    0x0800013e   0x0800013e   0x00000002   Code   RO          597    .ARM.Collect$$libinit$$00000035  c_p.l(libinit2.o)
    0x08000140   0x08000140   0x00000002   Code   RO          632    .ARM.Collect$$libshutdown$$00000000  c_p.l(libshutdown.o)
    0x08000142   0x08000142   0x00000000   Code   RO          660    .ARM.Collect$$libshutdown$$00000002  c_p.l(libshutdown2.o)
    0x08000142   0x08000142   0x00000000   Code   RO          662    .ARM.Collect$$libshutdown$$00000004  c_p.l(libshutdown2.o)
    0x08000142   0x08000142   0x00000000   Code   RO          665    .ARM.Collect$$libshutdown$$00000007  c_p.l(libshutdown2.o)
    0x08000142   0x08000142   0x00000000   Code   RO          668    .ARM.Collect$$libshutdown$$0000000A  c_p.l(libshutdown2.o)
    0x08000142   0x08000142   0x00000000   Code   RO          670    .ARM.Collect$$libshutdown$$0000000C  c_p.l(libshutdown2.o)
    0x08000142   0x08000142   0x00000000   Code   RO          673    .ARM.Collect$$libshutdown$$0000000F  c_p.l(libshutdown2.o)
    0x08000142   0x08000142   0x00000002   Code   RO          674    .ARM.Collect$$libshutdown$$00000010  c_p.l(libshutdown2.o)
    0x08000144   0x08000144   0x00000000   Code   RO          502    .ARM.Collect$$rtentry$$00000000  c_p.l(__rtentry.o)
    0x08000144   0x08000144   0x00000000   Code   RO          508    .ARM.Collect$$rtentry$$00000002  c_p.l(__rtentry2.o)
    0x08000144   0x08000144   0x00000006   Code   RO          520    .ARM.Collect$$rtentry$$00000004  c_p.l(__rtentry4.o)
    0x0800014a   0x0800014a   0x00000000   Code   RO          510    .ARM.Collect$$rtentry$$00000009  c_p.l(__rtentry2.o)
    0x0800014a   0x0800014a   0x00000004   Code   RO          511    .ARM.Collect$$rtentry$$0000000A  c_p.l(__rtentry2.o)
    0x0800014e   0x0800014e   0x00000000   Code   RO          513    .ARM.Collect$$rtentry$$0000000C  c_p.l(__rtentry2.o)
    0x0800014e   0x0800014e   0x00000008   Code   RO          514    .ARM.Collect$$rtentry$$0000000D  c_p.l(__rtentry2.o)
    0x08000156   0x08000156   0x00000002   Code   RO          543    .ARM.Collect$$rtexit$$00000000  c_p.l(rtexit.o)
    0x08000158   0x08000158   0x00000000   Code   RO          603    .ARM.Collect$$rtexit$$00000002  c_p.l(rtexit2.o)
    0x08000158   0x08000158   0x00000004   Code   RO          604    .ARM.Collect$$rtexit$$00000003  c_p.l(rtexit2.o)
    0x0800015c   0x0800015c   0x00000006   Code   RO          605    .ARM.Collect$$rtexit$$00000004  c_p.l(rtexit2.o)
    0x08000162   0x08000162   0x00000002   PAD
    0x08000164   0x08000164   0x00000038   Code   RO          468    .text               startup_air001_dev.o
    0x0800019c   0x0800019c   0x0000016c   Code   RO          494    .text               c_p.l(aeabi_sdiv.o)
    0x08000308   0x08000308   0x00000006   Code   RO          498    .text               c_p.l(heapauxi.o)
    0x0800030e   0x0800030e   0x0000003e   Code   RO          524    .text               c_p.l(sys_stackheap_outer.o)
    0x0800034c   0x0800034c   0x00000010   Code   RO          527    .text               c_p.l(exit.o)
    0x0800035c   0x0800035c   0x00000008   Code   RO          539    .text               c_p.l(libspace.o)
    0x08000364   0x08000364   0x0000000c   Code   RO          598    .text               c_p.l(sys_exit.o)
    0x08000370   0x08000370   0x00000002   Code   RO          621    .text               c_p.l(use_no_semi.o)
    0x08000372   0x08000372   0x00000000   Code   RO          623    .text               c_p.l(indicate_semi.o)
    0x08000372   0x08000372   0x00000002   PAD
    0x08000374   0x08000374   0x00000050   Code   RO          479    .text.$Sub$$main    system_air001xx.o
    0x080003c4   0x080003c4   0x00000040   Code   RO           22    .text.HAL_Delay     air001xx_hal.o
    0x08000404   0x08000404   0x0000029c   Code   RO          168    .text.HAL_GPIO_Init  air001xx_hal_gpio.o
    0x080006a0   0x080006a0   0x00000008   Code   RO           14    .text.HAL_GetTick   air001xx_hal.o
    0x080006a8   0x080006a8   0x00000014   Code   RO           12    .text.HAL_IncTick   air001xx_hal.o
    0x080006bc   0x080006bc   0x0000002a   Code   RO            2    .text.HAL_Init      air001xx_hal.o
    0x080006e6   0x080006e6   0x00000002   PAD
    0x080006e8   0x080006e8   0x0000007c   Code   RO            4    .text.HAL_InitTick  air001xx_hal.o
    0x08000764   0x08000764   0x00000002   Code   RO            6    .text.HAL_MspInit   air001xx_hal.o
    0x08000766   0x08000766   0x0000001c   Code   RO           56    .text.HAL_NVIC_SetPriority  air001xx_hal_cortex.o
    0x08000782   0x08000782   0x00000002   PAD
    0x08000784   0x08000784   0x00000254   Code   RO          199    .text.HAL_RCC_ClockConfig  air001xx_hal_rcc.o
    0x080009d8   0x080009d8   0x0000000c   Code   RO          203    .text.HAL_RCC_GetHCLKFreq  air001xx_hal_rcc.o
    0x080009e4   0x080009e4   0x00000024   Code   RO          205    .text.HAL_RCC_GetPCLK1Freq  air001xx_hal_rcc.o
    0x08000a08   0x08000a08   0x0000012c   Code   RO          195    .text.HAL_RCC_GetSysClockFreq  air001xx_hal_rcc.o
    0x08000b34   0x08000b34   0x0000070c   Code   RO          193    .text.HAL_RCC_OscConfig  air001xx_hal_rcc.o
    0x08001240   0x08001240   0x00000010   Code   RO           74    .text.HAL_SYSTICK_Config  air001xx_hal_cortex.o
    0x08001250   0x08001250   0x000000b6   Code   RO          305    .text.HAL_UART_Init  air001xx_hal_uart.o
    0x08001306   0x08001306   0x00000002   PAD
    0x08001308   0x08001308   0x00000044   Code   RO          434    .text.HAL_UART_MspInit  main.o
    0x0800134c   0x0800134c   0x00000004   Code   RO          451    .text.HardFault_Handler  air001xx_it.o
    0x08001350   0x08001350   0x00000002   Code   RO          449    .text.NMI_Handler   air001xx_it.o
    0x08001352   0x08001352   0x00000002   Code   RO          455    .text.PendSV_Handler  air001xx_it.o
    0x08001354   0x08001354   0x00000020   Code   RO          197    .text.RCC_GetHSIFreq  air001xx_hal_rcc.o
    0x08001374   0x08001374   0x00000002   Code   RO          453    .text.SVC_Handler   air001xx_it.o
    0x08001376   0x08001376   0x00000002   PAD
    0x08001378   0x08001378   0x00000050   Code   RO           76    .text.SysTick_Config  air001xx_hal_cortex.o
    0x080013c8   0x080013c8   0x00000008   Code   RO          457    .text.SysTick_Handler  air001xx_it.o
    0x080013d0   0x080013d0   0x00000030   Code   RO          477    .text.SystemInit    system_air001xx.o
    0x08001400   0x08001400   0x00000050   Code   RO          311    .text.UART_AdvFeatureConfig  air001xx_hal_uart.o
    0x08001450   0x08001450   0x0000012c   Code   RO          309    .text.UART_SetConfig  air001xx_hal_uart.o
    0x0800157c   0x0800157c   0x00000084   Code   RO           58    .text.__NVIC_SetPriority  air001xx_hal_cortex.o
    0x08001600   0x08001600   0x0000002e   Code   RO          430    .text.disable_swd   main.o
    0x0800162e   0x0800162e   0x00000002   PAD
    0x08001630   0x08001630   0x00000288   Code   RO          432    .text.get_notch_status  main.o
    0x080018b8   0x080018b8   0x00000094   Code   RO          426    .text.gpio_init     main.o
    0x0800194c   0x0800194c   0x000000a8   Code   RO          422    .text.main          main.o
    0x080019f4   0x080019f4   0x00000074   Code   RO          424    .text.rcc_init      main.o
    0x08001a68   0x08001a68   0x0000004c   Code   RO          428    .text.usart1_init   main.o
    0x08001ab4   0x08001ab4   0x00000014   Data   RO          223    .rodata..L__const.HAL_RCC_GetSysClockFreq.hsiValue  air001xx_hal_rcc.o
    0x08001ac8   0x08001ac8   0x00000040   Data   RO          482    .rodata.AHBPrescTable  system_air001xx.o
    0x08001b08   0x08001b08   0x00000020   Data   RO          483    .rodata.APBPrescTable  system_air001xx.o
    0x08001b28   0x08001b28   0x00000020   Data   RO          484    .rodata.HSIFreqTable  system_air001xx.o
    0x08001b48   0x08001b48   0x00000020   Data   RO          676    Region$$Table       anon$$obj.o


    Execution Region RW_IRAM1 (Exec base: 0x20000000, Load base: 0x08001b68, Size: 0x00000788, Max: 0x00001000, ABSOLUTE)

    Exec Addr    Load Addr    Size         Type   Attr      Idx    E Section Name        Object

    0x20000000   0x08001b68   0x000000c0   Data   RW          485    .ARM.__at_0x20000000  system_air001xx.o
    0x200000c0   0x08001c28   0x00000004   Data   RW          481    .data.SystemCoreClock  system_air001xx.o
    0x200000c4   0x08001c2c   0x00000004   Data   RW           47    .data.uwTickFreq    air001xx_hal.o
    0x200000c8   0x08001c30   0x00000004   Data   RW           46    .data.uwTickPrio    air001xx_hal.o
    0x200000cc   0x08001c34   0x00000004   PAD
    0x200000d0        -       0x00000060   Zero   RW          540    .bss                c_p.l(libspace.o)
    0x20000130        -       0x0000004c   Zero   RW          438    .bss.UartHandle     main.o
    0x2000017c        -       0x00000001   Zero   RW          436    .bss.notch_status   main.o
    0x2000017d        -       0x00000001   Zero   RW          437    .bss.prev_status    main.o
    0x2000017e   0x08001c34   0x00000002   PAD
    0x20000180        -       0x00000004   Zero   RW           48    .bss.uwTick         air001xx_hal.o
    0x20000184   0x08001c34   0x00000004   PAD
    0x20000188        -       0x00000200   Zero   RW          466    HEAP                startup_air001_dev.o
    0x20000388        -       0x00000400   Zero   RW          465    STACK               startup_air001_dev.o


==============================================================================

Image component sizes


      Code (inc. data)   RO Data    RW Data    ZI Data      Debug   Object Name

       260          8          0          8          4       5093   air001xx_hal.o
       256         20          0          0          0       5248   air001xx_hal_cortex.o
       668         24          0          0          0       4156   air001xx_hal_gpio.o
      2780        140         20          0          0       9046   air001xx_hal_rcc.o
       562          4          0          0          0      15708   air001xx_hal_uart.o
        18          0          0          0          0        697   air001xx_it.o
      1270         60          0          0         78       6277   main.o
        56         26        192          0       1536        672   startup_air001_dev.o
       128         24        128        196          0       2389   system_air001xx.o

    ----------------------------------------------------------------------
      6008        306        372        204       1628      49286   Object Totals
         0          0         32          0          0          0   (incl. Generated)
        10          0          0          0         10          0   (incl. Padding)

    ----------------------------------------------------------------------

      Code (inc. data)   RO Data    RW Data    ZI Data      Debug   Library Member Name

         8          0          0          0          0         68   __main.o
         0          0          0          0          0          0   __rtentry.o
        12          0          0          0          0          0   __rtentry2.o
         6          0          0          0          0          0   __rtentry4.o
        60          8          0          0          0          0   __scatter.o
        26          0          0          0          0          0   __scatter_copy.o
        28          0          0          0          0          0   __scatter_zi.o
       364          4          0          0          0         92   aeabi_sdiv.o
        16          0          0          0          0         68   exit.o
         6          0          0          0          0        136   heapauxi.o
         0          0          0          0          0          0   indicate_semi.o
         2          0          0          0          0          0   libinit.o
         2          0          0          0          0          0   libinit2.o
         2          0          0          0          0          0   libshutdown.o
         2          0          0          0          0          0   libshutdown2.o
         8          4          0          0         96         68   libspace.o
         2          0          0          0          0          0   rtexit.o
        10          0          0          0          0          0   rtexit2.o
        12          4          0          0          0         60   sys_exit.o
        62          0          0          0          0         80   sys_stackheap_outer.o
         2          0          0          0          0         68   use_no_semi.o

    ----------------------------------------------------------------------
       636         20          0          0         96        640   Library Totals
         6          0          0          0          0          0   (incl. Padding)

    ----------------------------------------------------------------------

      Code (inc. data)   RO Data    RW Data    ZI Data      Debug   Library Name

       630         20          0          0         96        640   c_p.l

    ----------------------------------------------------------------------
       636         20          0          0         96        640   Library Totals

    ----------------------------------------------------------------------

==============================================================================


      Code (inc. data)   RO Data    RW Data    ZI Data      Debug   

      6644        326        372        204       1724      49642   Grand Totals
      6644        326        372        204       1724      49642   ELF Image Totals
      6644        326        372        204          0          0   ROM Totals

==============================================================================

    Total RO  Size (Code + RO Data)                 7016 (   6.85kB)
    Total RW  Size (RW Data + ZI Data)              1928 (   1.88kB)
    Total ROM Size (Code + RO Data + RW Data)       7220 (   7.05kB)

==============================================================================

